Archive member included to satisfy reference by file (symbol)

../Middlewares/ST/AI/Lib\NetworkRuntime520_CM4_GCC.a(ai_platform_interface.o)
                              X-CUBE-AI/App/sample_classification.o (ai_platform_runtime_get_revision)
../Middlewares/ST/AI/Lib\NetworkRuntime520_CM4_GCC.a(core_mem_manager.o)
                              ../Middlewares/ST/AI/Lib\NetworkRuntime520_CM4_GCC.a(ai_platform_interface.o) (core_mem_alloc)
../Middlewares/ST/AI/Lib\NetworkRuntime520_CM4_GCC.a(core_common.o)
                              ../Middlewares/ST/AI/Lib\NetworkRuntime520_CM4_GCC.a(ai_platform_interface.o) (core_init)
../Middlewares/ST/AI/Lib\NetworkRuntime520_CM4_GCC.a(layers_conv2d_generic_float.o)
                              X-CUBE-AI/App/sample_classification.o (forward_conv2d)
../Middlewares/ST/AI/Lib\NetworkRuntime520_CM4_GCC.a(layers_nl_generic_float.o)
                              X-CUBE-AI/App/sample_classification.o (nl_func_relu_array_f32)
../Middlewares/ST/AI/Lib\NetworkRuntime520_CM4_GCC.a(layers_pool_generic_float.o)
                              X-CUBE-AI/App/sample_classification.o (pool_func_mp_array_f32)
../Middlewares/ST/AI/Lib\NetworkRuntime520_CM4_GCC.a(layers.o)
                              ../Middlewares/ST/AI/Lib\NetworkRuntime520_CM4_GCC.a(ai_platform_interface.o) (ai_check_custom_types)
../Middlewares/ST/AI/Lib\NetworkRuntime520_CM4_GCC.a(arm_mat_init_f32.o)
                              ../Middlewares/ST/AI/Lib\NetworkRuntime520_CM4_GCC.a(layers_conv2d_generic_float.o) (arm_mat_init_f32)
../Middlewares/ST/AI/Lib\NetworkRuntime520_CM4_GCC.a(ai_datatypes_format.o)
                              ../Middlewares/ST/AI/Lib\NetworkRuntime520_CM4_GCC.a(ai_platform_interface.o) (ai_array_to_buffer_fmt)
../Middlewares/ST/AI/Lib\NetworkRuntime520_CM4_GCC.a(ai_math_helpers.o)
                              ../Middlewares/ST/AI/Lib\NetworkRuntime520_CM4_GCC.a(layers_nl_generic_float.o) (ai_math_sqrt)
c:/st/stm32cubeide_1.5.0/stm32cubeide/plugins/com.st.stm32cube.ide.mcu.externaltools.gnu-tools-for-stm32.7-2018-q2-update.win32_1.5.0.202011040924/tools/bin/../lib/gcc/arm-none-eabi/7.3.1/../../../../arm-none-eabi/lib/thumb/v7e-m/fpv4-sp/hard\libc_nano.a(lib_a-errno.o)
                              Core/Src/syscalls.o (__errno)
c:/st/stm32cubeide_1.5.0/stm32cubeide/plugins/com.st.stm32cube.ide.mcu.externaltools.gnu-tools-for-stm32.7-2018-q2-update.win32_1.5.0.202011040924/tools/bin/../lib/gcc/arm-none-eabi/7.3.1/../../../../arm-none-eabi/lib/thumb/v7e-m/fpv4-sp/hard\libc_nano.a(lib_a-exit.o)
                              c:/st/stm32cubeide_1.5.0/stm32cubeide/plugins/com.st.stm32cube.ide.mcu.externaltools.gnu-tools-for-stm32.7-2018-q2-update.win32_1.5.0.202011040924/tools/bin/../lib/gcc/arm-none-eabi/7.3.1/../../../../arm-none-eabi/lib/thumb/v7e-m/fpv4-sp/hard/crt0.o (exit)
c:/st/stm32cubeide_1.5.0/stm32cubeide/plugins/com.st.stm32cube.ide.mcu.externaltools.gnu-tools-for-stm32.7-2018-q2-update.win32_1.5.0.202011040924/tools/bin/../lib/gcc/arm-none-eabi/7.3.1/../../../../arm-none-eabi/lib/thumb/v7e-m/fpv4-sp/hard\libc_nano.a(lib_a-impure.o)
                              c:/st/stm32cubeide_1.5.0/stm32cubeide/plugins/com.st.stm32cube.ide.mcu.externaltools.gnu-tools-for-stm32.7-2018-q2-update.win32_1.5.0.202011040924/tools/bin/../lib/gcc/arm-none-eabi/7.3.1/../../../../arm-none-eabi/lib/thumb/v7e-m/fpv4-sp/hard\libc_nano.a(lib_a-exit.o) (_global_impure_ptr)
c:/st/stm32cubeide_1.5.0/stm32cubeide/plugins/com.st.stm32cube.ide.mcu.externaltools.gnu-tools-for-stm32.7-2018-q2-update.win32_1.5.0.202011040924/tools/bin/../lib/gcc/arm-none-eabi/7.3.1/../../../../arm-none-eabi/lib/thumb/v7e-m/fpv4-sp/hard\libc_nano.a(lib_a-init.o)
                              c:/st/stm32cubeide_1.5.0/stm32cubeide/plugins/com.st.stm32cube.ide.mcu.externaltools.gnu-tools-for-stm32.7-2018-q2-update.win32_1.5.0.202011040924/tools/bin/../lib/gcc/arm-none-eabi/7.3.1/../../../../arm-none-eabi/lib/thumb/v7e-m/fpv4-sp/hard/crt0.o (__libc_init_array)
c:/st/stm32cubeide_1.5.0/stm32cubeide/plugins/com.st.stm32cube.ide.mcu.externaltools.gnu-tools-for-stm32.7-2018-q2-update.win32_1.5.0.202011040924/tools/bin/../lib/gcc/arm-none-eabi/7.3.1/../../../../arm-none-eabi/lib/thumb/v7e-m/fpv4-sp/hard\libc_nano.a(lib_a-malloc.o)
                              ../Middlewares/ST/AI/Lib\NetworkRuntime520_CM4_GCC.a(core_mem_manager.o) (malloc)
c:/st/stm32cubeide_1.5.0/stm32cubeide/plugins/com.st.stm32cube.ide.mcu.externaltools.gnu-tools-for-stm32.7-2018-q2-update.win32_1.5.0.202011040924/tools/bin/../lib/gcc/arm-none-eabi/7.3.1/../../../../arm-none-eabi/lib/thumb/v7e-m/fpv4-sp/hard\libc_nano.a(lib_a-memcpy-stub.o)
                              X-CUBE-AI/App/aiPbMgr.o (memcpy)
[...]
Memory Configuration

Name             Origin             Length             Attributes
RAM              0x0000000020000000 0x0000000000020000 xrw
FLASH            0x0000000008000000 0x0000000000080000 xr
*default*        0x0000000000000000 0xffffffffffffffff

Linker script and memory map

LOAD c:/st/stm32cubeide_1.5.0/stm32cubeide/plugins/com.st.stm32cube.ide.mcu.externaltools.gnu-tools-for-stm32.7-2018-q2-update.win32_1.5.0.202011040924/tools/bin/../lib/gcc/arm-none-eabi/7.3.1/thumb/v7e-m/fpv4-sp/hard/crti.o
LOAD c:/st/stm32cubeide_1.5.0/stm32cubeide/plugins/com.st.stm32cube.ide.mcu.externaltools.gnu-tools-for-stm32.7-2018-q2-update.win32_1.5.0.202011040924/tools/bin/../lib/gcc/arm-none-eabi/7.3.1/thumb/v7e-m/fpv4-sp/hard/crtbegin.o
LOAD c:/st/stm32cubeide_1.5.0/stm32cubeide/plugins/com.st.stm32cube.ide.mcu.externaltools.gnu-tools-for-stm32.7-2018-q2-update.win32_1.5.0.202011040924/tools/bin/../lib/gcc/arm-none-eabi/7.3.1/../../../../arm-none-eabi/lib/thumb/v7e-m/fpv4-sp/hard/crt0.o
LOAD Core/Src/main.o
LOAD Core/Src/stm32f4xx_hal_msp.o
LOAD Core/Src/stm32f4xx_it.o
LOAD Core/Src/syscalls.o
LOAD Core/Src/sysmem.o
LOAD Core/Src/system_stm32f4xx.o
LOAD Core/Startup/startup_stm32f446retx.o
LOAD Drivers/STM32F4xx_HAL_Driver/Src/stm32f4xx_hal.o
LOAD Drivers/STM32F4xx_HAL_Driver/Src/stm32f4xx_hal_cortex.o
LOAD Drivers/STM32F4xx_HAL_Driver/Src/stm32f4xx_hal_crc.o
LOAD Drivers/STM32F4xx_HAL_Driver/Src/stm32f4xx_hal_dma.o
LOAD Drivers/STM32F4xx_HAL_Driver/Src/stm32f4xx_hal_dma_ex.o
LOAD Drivers/STM32F4xx_HAL_Driver/Src/stm32f4xx_hal_exti.o
LOAD Drivers/STM32F4xx_HAL_Driver/Src/stm32f4xx_hal_flash.o
LOAD Drivers/STM32F4xx_HAL_Driver/Src/stm32f4xx_hal_flash_ex.o
LOAD Drivers/STM32F4xx_HAL_Driver/Src/stm32f4xx_hal_flash_ramfunc.o
LOAD Drivers/STM32F4xx_HAL_Driver/Src/stm32f4xx_hal_gpio.o
LOAD Drivers/STM32F4xx_HAL_Driver/Src/stm32f4xx_hal_pwr.o
LOAD Drivers/STM32F4xx_HAL_Driver/Src/stm32f4xx_hal_pwr_ex.o
LOAD Drivers/STM32F4xx_HAL_Driver/Src/stm32f4xx_hal_rcc.o
LOAD Drivers/STM32F4xx_HAL_Driver/Src/stm32f4xx_hal_rcc_ex.o
LOAD Drivers/STM32F4xx_HAL_Driver/Src/stm32f4xx_hal_tim.o
LOAD Drivers/STM32F4xx_HAL_Driver/Src/stm32f4xx_hal_tim_ex.o
LOAD Drivers/STM32F4xx_HAL_Driver/Src/stm32f4xx_hal_uart.o
LOAD X-CUBE-AI/App/aiPbIO.o
LOAD X-CUBE-AI/App/aiPbMgr.o
LOAD X-CUBE-AI/App/aiTestHelper.o
LOAD X-CUBE-AI/App/aiTestUtility.o
LOAD X-CUBE-AI/App/aiValidation.o
LOAD X-CUBE-AI/App/app_x-cube-ai.o
LOAD X-CUBE-AI/App/pb_common.o
LOAD X-CUBE-AI/App/pb_decode.o
LOAD X-CUBE-AI/App/pb_encode.o
LOAD X-CUBE-AI/App/sample_classification.o
LOAD X-CUBE-AI/App/sample_classification_data.o
LOAD X-CUBE-AI/App/stm32msg.pb.o
LOAD ../Middlewares/ST/AI/Lib\NetworkRuntime520_CM4_GCC.a
START GROUP
LOAD c:/st/stm32cubeide_1.5.0/stm32cubeide/plugins/com.st.stm32cube.ide.mcu.externaltools.gnu-tools-for-stm32.7-2018-q2-update.win32_1.5.0.202011040924/tools/bin/../lib/gcc/arm-none-eabi/7.3.1/../../../../arm-none-eabi/lib/thumb/v7e-m/fpv4-sp/hard\libc_nano.a
LOAD c:/st/stm32cubeide_1.5.0/stm32cubeide/plugins/com.st.stm32cube.ide.mcu.externaltools.gnu-tools-for-stm32.7-2018-q2-update.win32_1.5.0.202011040924/tools/bin/../lib/gcc/arm-none-eabi/7.3.1/../../../../arm-none-eabi/lib/thumb/v7e-m/fpv4-sp/hard\libm.a
END GROUP
START GROUP
LOAD c:/st/stm32cubeide_1.5.0/stm32cubeide/plugins/com.st.stm32cube.ide.mcu.externaltools.gnu-tools-for-stm32.7-2018-q2-update.win32_1.5.0.202011040924/tools/bin/../lib/gcc/arm-none-eabi/7.3.1/thumb/v7e-m/fpv4-sp/hard\libgcc.a
LOAD c:/st/stm32cubeide_1.5.0/stm32cubeide/plugins/com.st.stm32cube.ide.mcu.externaltools.gnu-tools-for-stm32.7-2018-q2-update.win32_1.5.0.202011040924/tools/bin/../lib/gcc/arm-none-eabi/7.3.1/../../../../arm-none-eabi/lib/thumb/v7e-m/fpv4-sp/hard\libc_nano.a
END GROUP
START GROUP
LOAD c:/st/stm32cubeide_1.5.0/stm32cubeide/plugins/com.st.stm32cube.ide.mcu.externaltools.gnu-tools-for-stm32.7-2018-q2-update.win32_1.5.0.202011040924/tools/bin/../lib/gcc/arm-none-eabi/7.3.1/thumb/v7e-m/fpv4-sp/hard\libgcc.a
LOAD c:/st/stm32cubeide_1.5.0/stm32cubeide/plugins/com.st.stm32cube.ide.mcu.externaltools.gnu-tools-for-stm32.7-2018-q2-update.win32_1.5.0.202011040924/tools/bin/../lib/gcc/arm-none-eabi/7.3.1/../../../../arm-none-eabi/lib/thumb/v7e-m/fpv4-sp/hard\libc_nano.a
LOAD c:/st/stm32cubeide_1.5.0/stm32cubeide/plugins/com.st.stm32cube.ide.mcu.externaltools.gnu-tools-for-stm32.7-2018-q2-update.win32_1.5.0.202011040924/tools/bin/../lib/gcc/arm-none-eabi/7.3.1/../../../../arm-none-eabi/lib/thumb/v7e-m/fpv4-sp/hard\libnosys.a
END GROUP
START GROUP
LOAD c:/st/stm32cubeide_1.5.0/stm32cubeide/plugins/com.st.stm32cube.ide.mcu.externaltools.gnu-tools-for-stm32.7-2018-q2-update.win32_1.5.0.202011040924/tools/bin/../lib/gcc/arm-none-eabi/7.3.1/thumb/v7e-m/fpv4-sp/hard\libgcc.a
LOAD c:/st/stm32cubeide_1.5.0/stm32cubeide/plugins/com.st.stm32cube.ide.mcu.externaltools.gnu-tools-for-stm32.7-2018-q2-update.win32_1.5.0.202011040924/tools/bin/../lib/gcc/arm-none-eabi/7.3.1/../../../../arm-none-eabi/lib/thumb/v7e-m/fpv4-sp/hard\libc_nano.a
LOAD c:/st/stm32cubeide_1.5.0/stm32cubeide/plugins/com.st.stm32cube.ide.mcu.externaltools.gnu-tools-for-stm32.7-2018-q2-update.win32_1.5.0.202011040924/tools/bin/../lib/gcc/arm-none-eabi/7.3.1/../../../../arm-none-eabi/lib/thumb/v7e-m/fpv4-sp/hard\libnosys.a
END GROUP
LOAD c:/st/stm32cubeide_1.5.0/stm32cubeide/plugins/com.st.stm32cube.ide.mcu.externaltools.gnu-tools-for-stm32.7-2018-q2-update.win32_1.5.0.202011040924/tools/bin/../lib/gcc/arm-none-eabi/7.3.1/thumb/v7e-m/fpv4-sp/hard/crtend.o
LOAD c:/st/stm32cubeide_1.5.0/stm32cubeide/plugins/com.st.stm32cube.ide.mcu.externaltools.gnu-tools-for-stm32.7-2018-q2-update.win32_1.5.0.202011040924/tools/bin/../lib/gcc/arm-none-eabi/7.3.1/thumb/v7e-m/fpv4-sp/hard/crtn.o
                0x0000000020020000                _estack = (ORIGIN (RAM) + LENGTH (RAM))
                0x0000000000000800                _Min_Heap_Size = 0x800
                0x0000000000000800                _Min_Stack_Size = 0x800

.isr_vector     0x0000000008000000      0x1c4
                0x0000000008000000                . = ALIGN (0x4)
 *(.isr_vector)
 .isr_vector    0x0000000008000000      0x1c4 Core/Startup/startup_stm32f446retx.o
                0x0000000008000000                g_pfnVectors
                0x00000000080001c4                . = ALIGN (0x4)

.text           0x00000000080001d0     0xdab8
                0x00000000080001d0                . = ALIGN (0x4)
 *(.text)
 .text          0x00000000080001d0       0x40 c:/st/stm32cubeide_1.5.0/stm32cubeide/plugins/com.st.stm32cube.ide.mcu.externaltools.gnu-tools-for-stm32.7-2018-q2-update.win32_1.5.0.202011040924/tools/bin/../lib/gcc/arm-none-eabi/7.3.1/thumb/v7e-m/fpv4-sp/hard/crtbegin.o
 .text          0x0000000008000210       0x10 c:/st/stm32cubeide_1.5.0/stm32cubeide/plugins/com.st.stm32cube.ide.mcu.externaltools.gnu-tools-for-stm32.7-2018-q2-update.win32_1.5.0.202011040924/tools/bin/../lib/gcc/arm-none-eabi/7.3.1/../../../../arm-none-eabi/lib/thumb/v7e-m/fpv4-sp/hard\libc_nano.a(lib_a-strlen.o)
                0x0000000008000210                strlen
 .text          0x0000000008000220       0xa0 c:/st/stm32cubeide_1.5.0/stm32cubeide/plugins/com.st.stm32cube.ide.mcu.externaltools.gnu-tools-for-stm32.7-2018-q2-update.win32_1.5.0.202011040924/tools/bin/../lib/gcc/arm-none-eabi/7.3.1/../../../../arm-none-eabi/lib/thumb/v7e-m/fpv4-sp/hard\libc_nano.a(lib_a-memchr.o)
                0x0000000008000220                memchr
 .text          0x00000000080002c0      0x378 c:/st/stm32cubeide_1.5.0/stm32cubeide/plugins/com.st.stm32cube.ide.mcu.externaltools.gnu-tools-for-stm32.7-2018-q2-update.win32_1.5.0.202011040924/tools/bin/../lib/gcc/arm-none-eabi/7.3.1/thumb/v7e-m/fpv4-sp/hard\libgcc.a(_arm_addsubdf3.o)
                0x00000000080002c0                __aeabi_drsub
                0x00000000080002c8                __aeabi_dsub
                0x00000000080002c8                __subdf3
                0x00000000080002cc                __aeabi_dadd
                0x00000000080002cc                __adddf3
                0x0000000008000544                __floatunsidf
                0x0000000008000544                __aeabi_ui2d
                0x0000000008000564                __floatsidf
                0x0000000008000564                __aeabi_i2d
                0x0000000008000588                __aeabi_f2d
                0x0000000008000588                __extendsfdf2
                0x00000000080005cc                __floatundidf
                0x00000000080005cc                __aeabi_ul2d
                0x00000000080005dc                __floatdidf
                0x00000000080005dc                __aeabi_l2d
 .text          0x0000000008000638       0xa0 c:/st/stm32cubeide_1.5.0/stm32cubeide/plugins/com.st.stm32cube.ide.mcu.externaltools.gnu-tools-for-stm32.7-2018-q2-update.win32_1.5.0.202011040924/tools/bin/../lib/gcc/arm-none-eabi/7.3.1/thumb/v7e-m/fpv4-sp/hard\libgcc.a(_arm_truncdfsf2.o)
                0x0000000008000638                __truncdfsf2
                0x0000000008000638                __aeabi_d2f
 .text          0x00000000080006d8      0x21c c:/st/stm32cubeide_1.5.0/stm32cubeide/plugins/com.st.stm32cube.ide.mcu.externaltools.gnu-tools-for-stm32.7-2018-q2-update.win32_1.5.0.202011040924/tools/bin/../lib/gcc/arm-none-eabi/7.3.1/thumb/v7e-m/fpv4-sp/hard\libgcc.a(_arm_addsubsf3.o)
                0x00000000080006d8                __aeabi_frsub
                0x00000000080006e0                __subsf3
                0x00000000080006e0                __aeabi_fsub
                0x00000000080006e4                __aeabi_fadd
                0x00000000080006e4                __addsf3
                0x0000000008000844                __aeabi_ui2f
                0x0000000008000844                __floatunsisf
                0x000000000800084c                __aeabi_i2f
                0x000000000800084c                __floatsisf
                0x0000000008000868                __aeabi_ul2f
                0x0000000008000868                __floatundisf
                0x0000000008000878                __aeabi_l2f
                0x0000000008000878                __floatdisf
 .text          0x00000000080008f4       0x30 c:/st/stm32cubeide_1.5.0/stm32cubeide/plugins/com.st.stm32cube.ide.mcu.externaltools.gnu-tools-for-stm32.7-2018-q2-update.win32_1.5.0.202011040924/tools/bin/../lib/gcc/arm-none-eabi/7.3.1/thumb/v7e-m/fpv4-sp/hard\libgcc.a(_aeabi_uldivmod.o)
                0x00000000080008f4                __aeabi_uldivmod
 .text          0x0000000008000924      0x2cc c:/st/stm32cubeide_1.5.0/stm32cubeide/plugins/com.st.stm32cube.ide.mcu.externaltools.gnu-tools-for-stm32.7-2018-q2-update.win32_1.5.0.202011040924/tools/bin/../lib/gcc/arm-none-eabi/7.3.1/thumb/v7e-m/fpv4-sp/hard\libgcc.a(_udivmoddi4.o)
                0x0000000008000924                __udivmoddi4
 .text          0x0000000008000bf0        0x4 c:/st/stm32cubeide_1.5.0/stm32cubeide/plugins/com.st.stm32cube.ide.mcu.externaltools.gnu-tools-for-stm32.7-2018-q2-update.win32_1.5.0.202011040924/tools/bin/../lib/gcc/arm-none-eabi/7.3.1/thumb/v7e-m/fpv4-sp/hard\libgcc.a(_dvmd_tls.o)
                0x0000000008000bf0                __aeabi_idiv0
                0x0000000008000bf0                __aeabi_ldiv0
 *(.text*)
 .text.main     0x0000000008000bf4       0x1e Core/Src/main.o
                0x0000000008000bf4                main
 *fill*         0x0000000008000c12        0x2 
 .text.SystemClock_Config
                0x0000000008000c14       0xdc Core/Src/main.o
                0x0000000008000c14                SystemClock_Config
 .text.MX_CRC_Init
                0x0000000008000cf0       0x28 Core/Src/main.o
 .text.MX_USART2_UART_Init
                0x0000000008000d18       0x54 Core/Src/main.o
                0x0000000008000d18                MX_USART2_UART_Init
 .text.MX_GPIO_Init
                0x0000000008000d6c       0xe0 Core/Src/main.o
 .text.Error_Handler
                0x0000000008000e4c        0x8 Core/Src/main.o
                0x0000000008000e4c                Error_Handler
 .text.HAL_MspInit
                0x0000000008000e54       0x50 Core/Src/stm32f4xx_hal_msp.o
                0x0000000008000e54                HAL_MspInit
 .text.HAL_CRC_MspInit
                0x0000000008000ea4       0x44 Core/Src/stm32f4xx_hal_msp.o
                0x0000000008000ea4                HAL_CRC_MspInit
 .text.HAL_UART_MspInit
                0x0000000008000ee8       0x90 Core/Src/stm32f4xx_hal_msp.o
                0x0000000008000ee8                HAL_UART_MspInit
 .text.NMI_Handler
                0x0000000008000f78        0x6 Core/Src/stm32f4xx_it.o
                0x0000000008000f78                NMI_Handler
 .text.HardFault_Handler
                0x0000000008000f7e        0x6 Core/Src/stm32f4xx_it.o
                0x0000000008000f7e                HardFault_Handler
 .text.MemManage_Handler
                0x0000000008000f84        0x6 Core/Src/stm32f4xx_it.o
                0x0000000008000f84                MemManage_Handler
 .text.BusFault_Handler
                0x0000000008000f8a        0x6 Core/Src/stm32f4xx_it.o
                0x0000000008000f8a                BusFault_Handler
 .text.UsageFault_Handler
                0x0000000008000f90        0x6 Core/Src/stm32f4xx_it.o
                0x0000000008000f90                UsageFault_Handler
 .text.SVC_Handler
                0x0000000008000f96        0xe Core/Src/stm32f4xx_it.o
                0x0000000008000f96                SVC_Handler
 .text.DebugMon_Handler
                0x0000000008000fa4        0xe Core/Src/stm32f4xx_it.o
                0x0000000008000fa4                DebugMon_Handler
 .text.PendSV_Handler
                0x0000000008000fb2        0xe Core/Src/stm32f4xx_it.o
                0x0000000008000fb2                PendSV_Handler
 .text.SysTick_Handler
                0x0000000008000fc0        0xc Core/Src/stm32f4xx_it.o
                0x0000000008000fc0                SysTick_Handler
 .text._read    0x0000000008000fcc       0x3a Core/Src/syscalls.o
                0x0000000008000fcc                _read
 .text._close   0x0000000008001006       0x18 Core/Src/syscalls.o
                0x0000000008001006                _close
 .text._fstat   0x000000000800101e       0x20 Core/Src/syscalls.o
                0x000000000800101e                _fstat
 .text._isatty  0x000000000800103e       0x16 Core/Src/syscalls.o
                0x000000000800103e                _isatty
 .text._lseek   0x0000000008001054       0x1a Core/Src/syscalls.o
                0x0000000008001054                _lseek
 *fill*         0x000000000800106e        0x2 
 .text._sbrk    0x0000000008001070       0x6c Core/Src/sysmem.o
                0x0000000008001070                _sbrk
 .text.SystemInit
                0x00000000080010dc       0x2c Core/Src/system_stm32f4xx.o
                0x00000000080010dc                SystemInit
 .text.Reset_Handler
                0x0000000008001108       0x50 Core/Startup/startup_stm32f446retx.o
                0x0000000008001108                Reset_Handler
 .text.Default_Handler
                0x0000000008001158        0x2 Core/Startup/startup_stm32f446retx.o
                0x0000000008001158                RTC_Alarm_IRQHandler
                0x0000000008001158                EXTI2_IRQHandler
                0x0000000008001158                TIM8_CC_IRQHandler
                0x0000000008001158                FMPI2C1_EV_IRQHandler
                0x0000000008001158                SPI4_IRQHandler
                0x0000000008001158                TIM1_CC_IRQHandler
                0x0000000008001158                DMA2_Stream5_IRQHandler
                0x0000000008001158                DMA1_Stream5_IRQHandler
                0x0000000008001158                PVD_IRQHandler
                0x0000000008001158                SDIO_IRQHandler
                0x0000000008001158                TAMP_STAMP_IRQHandler
                0x0000000008001158                CAN2_RX1_IRQHandler
                0x0000000008001158                EXTI3_IRQHandler
                0x0000000008001158                TIM8_TRG_COM_TIM14_IRQHandler
                0x0000000008001158                TIM1_UP_TIM10_IRQHandler
                0x0000000008001158                TIM8_UP_TIM13_IRQHandler
                0x0000000008001158                I2C3_ER_IRQHandler
                0x0000000008001158                EXTI0_IRQHandler
                0x0000000008001158                I2C2_EV_IRQHandler
                0x0000000008001158                DMA1_Stream2_IRQHandler
                0x0000000008001158                CAN1_RX0_IRQHandler
                0x0000000008001158                FPU_IRQHandler
                0x0000000008001158                OTG_HS_WKUP_IRQHandler
                0x0000000008001158                CAN2_SCE_IRQHandler
                0x0000000008001158                DMA2_Stream2_IRQHandler
                0x0000000008001158                SPI1_IRQHandler
                0x0000000008001158                TIM6_DAC_IRQHandler
                0x0000000008001158                TIM1_BRK_TIM9_IRQHandler
                0x0000000008001158                DCMI_IRQHandler
                0x0000000008001158                CAN2_RX0_IRQHandler
                0x0000000008001158                DMA2_Stream3_IRQHandler
                0x0000000008001158                SAI2_IRQHandler
                0x0000000008001158                USART6_IRQHandler
                0x0000000008001158                USART3_IRQHandler
                0x0000000008001158                CAN1_RX1_IRQHandler
                0x0000000008001158                UART5_IRQHandler
                0x0000000008001158                DMA2_Stream0_IRQHandler
                0x0000000008001158                TIM4_IRQHandler
                0x0000000008001158                QUADSPI_IRQHandler
                0x0000000008001158                I2C1_EV_IRQHandler
                0x0000000008001158                DMA1_Stream6_IRQHandler
                0x0000000008001158                DMA1_Stream1_IRQHandler
                0x0000000008001158                UART4_IRQHandler
                0x0000000008001158                TIM3_IRQHandler
                0x0000000008001158                RCC_IRQHandler
                0x0000000008001158                TIM8_BRK_TIM12_IRQHandler
                0x0000000008001158                Default_Handler
                0x0000000008001158                CEC_IRQHandler
                0x0000000008001158                EXTI15_10_IRQHandler
                0x0000000008001158                ADC_IRQHandler
                0x0000000008001158                DMA1_Stream7_IRQHandler
                0x0000000008001158                TIM7_IRQHandler
                0x0000000008001158                CAN2_TX_IRQHandler
                0x0000000008001158                TIM5_IRQHandler
                0x0000000008001158                DMA2_Stream7_IRQHandler
                0x0000000008001158                I2C3_EV_IRQHandler
                0x0000000008001158                EXTI9_5_IRQHandler
                0x0000000008001158                RTC_WKUP_IRQHandler
                0x0000000008001158                SPDIF_RX_IRQHandler
                0x0000000008001158                SPI2_IRQHandler
                0x0000000008001158                OTG_HS_EP1_IN_IRQHandler
                0x0000000008001158                DMA1_Stream0_IRQHandler
                0x0000000008001158                CAN1_TX_IRQHandler
                0x0000000008001158                FMPI2C1_ER_IRQHandler
                0x0000000008001158                EXTI4_IRQHandler
                0x0000000008001158                OTG_HS_EP1_OUT_IRQHandler
                0x0000000008001158                WWDG_IRQHandler
                0x0000000008001158                TIM2_IRQHandler
                0x0000000008001158                OTG_FS_WKUP_IRQHandler
                0x0000000008001158                TIM1_TRG_COM_TIM11_IRQHandler
                0x0000000008001158                OTG_HS_IRQHandler
                0x0000000008001158                EXTI1_IRQHandler
                0x0000000008001158                USART2_IRQHandler
                0x0000000008001158                I2C2_ER_IRQHandler
                0x0000000008001158                DMA2_Stream1_IRQHandler
                0x0000000008001158                CAN1_SCE_IRQHandler
                0x0000000008001158                FLASH_IRQHandler
                0x0000000008001158                DMA2_Stream4_IRQHandler
                0x0000000008001158                USART1_IRQHandler
                0x0000000008001158                OTG_FS_IRQHandler
                0x0000000008001158                SPI3_IRQHandler
                0x0000000008001158                DMA1_Stream4_IRQHandler
                0x0000000008001158                I2C1_ER_IRQHandler
                0x0000000008001158                FMC_IRQHandler
                0x0000000008001158                DMA2_Stream6_IRQHandler
                0x0000000008001158                SAI1_IRQHandler
                0x0000000008001158                DMA1_Stream3_IRQHandler
 *fill*         0x000000000800115a        0x2 
 .text.HAL_Init
                0x000000000800115c       0x44 Drivers/STM32F4xx_HAL_Driver/Src/stm32f4xx_hal.o
                0x000000000800115c                HAL_Init
 .text.HAL_InitTick
                0x00000000080011a0       0x60 Drivers/STM32F4xx_HAL_Driver/Src/stm32f4xx_hal.o
                0x00000000080011a0                HAL_InitTick
 .text.HAL_IncTick
                0x0000000008001200       0x28 Drivers/STM32F4xx_HAL_Driver/Src/stm32f4xx_hal.o
                0x0000000008001200                HAL_IncTick
 .text.HAL_GetTick
                0x0000000008001228       0x18 Drivers/STM32F4xx_HAL_Driver/Src/stm32f4xx_hal.o
                0x0000000008001228                HAL_GetTick
 .text.HAL_Delay
                0x0000000008001240       0x44 Drivers/STM32F4xx_HAL_Driver/Src/stm32f4xx_hal.o
                0x0000000008001240                HAL_Delay
 .text.HAL_GetHalVersion
                0x0000000008001284       0x14 Drivers/STM32F4xx_HAL_Driver/Src/stm32f4xx_hal.o
                0x0000000008001284                HAL_GetHalVersion
 .text.HAL_GetREVID
                0x0000000008001298       0x18 Drivers/STM32F4xx_HAL_Driver/Src/stm32f4xx_hal.o
                0x0000000008001298                HAL_GetREVID
 .text.HAL_GetDEVID
                0x00000000080012b0       0x1c Drivers/STM32F4xx_HAL_Driver/Src/stm32f4xx_hal.o
                0x00000000080012b0                HAL_GetDEVID
 .text.__NVIC_SetPriorityGrouping
                0x00000000080012cc       0x48 Drivers/STM32F4xx_HAL_Driver/Src/stm32f4xx_hal_cortex.o
 .text.__NVIC_GetPriorityGrouping
                0x0000000008001314       0x1c Drivers/STM32F4xx_HAL_Driver/Src/stm32f4xx_hal_cortex.o
 .text.__NVIC_SetPriority
                0x0000000008001330       0x54 Drivers/STM32F4xx_HAL_Driver/Src/stm32f4xx_hal_cortex.o
 .text.NVIC_EncodePriority
                0x0000000008001384       0x66 Drivers/STM32F4xx_HAL_Driver/Src/stm32f4xx_hal_cortex.o
 *fill*         0x00000000080013ea        0x2 
 .text.SysTick_Config
                0x00000000080013ec       0x44 Drivers/STM32F4xx_HAL_Driver/Src/stm32f4xx_hal_cortex.o
 .text.HAL_NVIC_SetPriorityGrouping
                0x0000000008001430       0x16 Drivers/STM32F4xx_HAL_Driver/Src/stm32f4xx_hal_cortex.o
                0x0000000008001430                HAL_NVIC_SetPriorityGrouping
 .text.HAL_NVIC_SetPriority
                0x0000000008001446       0x38 Drivers/STM32F4xx_HAL_Driver/Src/stm32f4xx_hal_cortex.o
                0x0000000008001446                HAL_NVIC_SetPriority
 .text.HAL_SYSTICK_Config
                0x000000000800147e       0x18 Drivers/STM32F4xx_HAL_Driver/Src/stm32f4xx_hal_cortex.o
                0x000000000800147e                HAL_SYSTICK_Config
 .text.HAL_CRC_Init
                0x0000000008001496       0x38 Drivers/STM32F4xx_HAL_Driver/Src/stm32f4xx_hal_crc.o
                0x0000000008001496                HAL_CRC_Init
 *fill*         0x00000000080014ce        0x2 
 .text.HAL_GPIO_Init
                0x00000000080014d0      0x324 Drivers/STM32F4xx_HAL_Driver/Src/stm32f4xx_hal_gpio.o
                0x00000000080014d0                HAL_GPIO_Init
 .text.HAL_GPIO_WritePin
                0x00000000080017f4       0x32 Drivers/STM32F4xx_HAL_Driver/Src/stm32f4xx_hal_gpio.o
                0x00000000080017f4                HAL_GPIO_WritePin
 *fill*         0x0000000008001826        0x2 
 .text.HAL_RCC_ClockConfig
                0x0000000008001828      0x1cc Drivers/STM32F4xx_HAL_Driver/Src/stm32f4xx_hal_rcc.o
                0x0000000008001828                HAL_RCC_ClockConfig
 .text.HAL_RCC_GetHCLKFreq
                0x00000000080019f4       0x18 Drivers/STM32F4xx_HAL_Driver/Src/stm32f4xx_hal_rcc.o
                0x00000000080019f4                HAL_RCC_GetHCLKFreq
 .text.HAL_RCC_GetPCLK1Freq
                0x0000000008001a0c       0x28 Drivers/STM32F4xx_HAL_Driver/Src/stm32f4xx_hal_rcc.o
                0x0000000008001a0c                HAL_RCC_GetPCLK1Freq
 .text.HAL_RCC_GetPCLK2Freq
                0x0000000008001a34       0x28 Drivers/STM32F4xx_HAL_Driver/Src/stm32f4xx_hal_rcc.o
                0x0000000008001a34                HAL_RCC_GetPCLK2Freq
 .text.HAL_RCC_GetSysClockFreq
                0x0000000008001a5c      0x340 Drivers/STM32F4xx_HAL_Driver/Src/stm32f4xx_hal_rcc_ex.o
                0x0000000008001a5c                HAL_RCC_GetSysClockFreq
 .text.HAL_RCC_OscConfig
                0x0000000008001d9c      0x4b4 Drivers/STM32F4xx_HAL_Driver/Src/stm32f4xx_hal_rcc_ex.o
                0x0000000008001d9c                HAL_RCC_OscConfig
 .text.HAL_UART_Init
                0x0000000008002250       0x9a Drivers/STM32F4xx_HAL_Driver/Src/stm32f4xx_hal_uart.o
                0x0000000008002250                HAL_UART_Init
 .text.HAL_UART_Transmit
                0x00000000080022ea      0x132 Drivers/STM32F4xx_HAL_Driver/Src/stm32f4xx_hal_uart.o
                0x00000000080022ea                HAL_UART_Transmit
 .text.HAL_UART_Receive
                0x000000000800241c      0x14c Drivers/STM32F4xx_HAL_Driver/Src/stm32f4xx_hal_uart.o
                0x000000000800241c                HAL_UART_Receive
 .text.UART_WaitOnFlagUntilTimeout
                0x0000000008002568       0x94 Drivers/STM32F4xx_HAL_Driver/Src/stm32f4xx_hal_uart.o
 .text.UART_SetConfig
                0x00000000080025fc      0x6f8 Drivers/STM32F4xx_HAL_Driver/Src/stm32f4xx_hal_uart.o
 .text.write_packet
                0x0000000008002cf4       0x18 X-CUBE-AI/App/aiPbIO.o
 .text.pb_io_flush_ostream
                0x0000000008002d0c       0x24 X-CUBE-AI/App/aiPbIO.o
                0x0000000008002d0c                pb_io_flush_ostream
 .text.write_callback
                0x0000000008002d30       0x78 X-CUBE-AI/App/aiPbIO.o
 .text.read_packet
                0x0000000008002da8       0x2c X-CUBE-AI/App/aiPbIO.o
 .text.pb_io_flush_istream
                0x0000000008002dd4       0x24 X-CUBE-AI/App/aiPbIO.o
                0x0000000008002dd4                pb_io_flush_istream
 .text.read_callback
                0x0000000008002df8       0xb8 X-CUBE-AI/App/aiPbIO.o
 .text.pb_io_ostream
                0x0000000008002eb0       0x48 X-CUBE-AI/App/aiPbIO.o
                0x0000000008002eb0                pb_io_ostream
 .text.pb_io_istream
                0x0000000008002ef8       0x44 X-CUBE-AI/App/aiPbIO.o
                0x0000000008002ef8                pb_io_istream
 .text.pb_io_stream_init
                0x0000000008002f3c        0xe X-CUBE-AI/App/aiPbIO.o
                0x0000000008002f3c                pb_io_stream_init
 *fill*         0x0000000008002f4a        0x2 
 .text.aiPbMgrInit
                0x0000000008002f4c       0x7c X-CUBE-AI/App/aiPbMgr.o
                0x0000000008002f4c                aiPbMgrInit
 .text.aiPbMgrWaitAndProcess
                0x0000000008002fc8       0x9c X-CUBE-AI/App/aiPbMgr.o
                0x0000000008002fc8                aiPbMgrWaitAndProcess
 .text.aiPbMgrSendResp
                0x0000000008003064       0x3c X-CUBE-AI/App/aiPbMgr.o
                0x0000000008003064                aiPbMgrSendResp
 .text.aiPbMgrSendAck
                0x00000000080030a0       0x36 X-CUBE-AI/App/aiPbMgr.o
                0x00000000080030a0                aiPbMgrSendAck
 *fill*         0x00000000080030d6        0x2 
 .text.aiPbMgrWaitAck
                0x00000000080030d8       0x34 X-CUBE-AI/App/aiPbMgr.o
                0x00000000080030d8                aiPbMgrWaitAck
 .text.aiPbAiBufferSize
                0x000000000800310c       0x3a X-CUBE-AI/App/aiPbMgr.o
                0x000000000800310c                aiPbAiBufferSize
 .text.aiPbMsgFmtToAiFmt
                0x0000000008003146       0x16 X-CUBE-AI/App/aiPbMgr.o
 .text.aiPbAiFmtToMsgFmt
                0x000000000800315c       0x16 X-CUBE-AI/App/aiPbMgr.o
 .text.aiPbBufferGetItemSize
                0x0000000008003172       0x20 X-CUBE-AI/App/aiPbMgr.o
 .text.aiPbBuffer_read_cb3
                0x0000000008003192      0x11e X-CUBE-AI/App/aiPbMgr.o
 .text.aiPbBuffer_write_cb3
                0x00000000080032b0       0x8c X-CUBE-AI/App/aiPbMgr.o
 .text.aiPbMgrReceiveAiBuffer3
                0x000000000800333c       0xac X-CUBE-AI/App/aiPbMgr.o
                0x000000000800333c                aiPbMgrReceiveAiBuffer3
 .text.aiPbMgrSetMetaInfo
                0x00000000080033e8      0x26a X-CUBE-AI/App/aiPbMgr.o
 *fill*         0x0000000008003652        0x2 
 .text.aiPbMgrSendAiBuffer4
                0x0000000008003654       0xf0 X-CUBE-AI/App/aiPbMgr.o
                0x0000000008003654                aiPbMgrSendAiBuffer4
 .text.aiPbCmdSync
                0x0000000008003744       0x44 X-CUBE-AI/App/aiPbMgr.o
                0x0000000008003744                aiPbCmdSync
 .text.aiPbCmdSysInfo
                0x0000000008003788       0x4c X-CUBE-AI/App/aiPbMgr.o
                0x0000000008003788                aiPbCmdSysInfo
 .text.init_aibuffer_msg
                0x00000000080037d4       0x66 X-CUBE-AI/App/aiPbMgr.o
 *fill*         0x000000000800383a        0x2 
 .text.nn_shape_w_cb
                0x000000000800383c       0x84 X-CUBE-AI/App/aiPbMgr.o
 .text.nn_inputs_w_cb
                0x00000000080038c0       0x36 X-CUBE-AI/App/aiPbMgr.o
 .text.nn_outputs_w_cb
                0x00000000080038f6       0x36 X-CUBE-AI/App/aiPbMgr.o
 .text.aiPbStrCopy
                0x000000000800392c       0x78 X-CUBE-AI/App/aiPbMgr.o
                0x000000000800392c                aiPbStrCopy
 .text.aiPbVersionToUint32
                0x00000000080039a4       0x3a X-CUBE-AI/App/aiPbMgr.o
                0x00000000080039a4                aiPbVersionToUint32
 *fill*         0x00000000080039de        0x2 
 .text.aiPbMgrSendNNInfo
                0x00000000080039e0      0x170 X-CUBE-AI/App/aiPbMgr.o
                0x00000000080039e0                aiPbMgrSendNNInfo
 .text.aiPlatformVersion
                0x0000000008003b50       0x28 X-CUBE-AI/App/aiTestHelper.o
                0x0000000008003b50                aiPlatformVersion
 .text.aiLogErr
                0x0000000008003b78       0x48 X-CUBE-AI/App/aiTestHelper.o
                0x0000000008003b78                aiLogErr
 .text.aiPrintLayoutBuffer
                0x0000000008003bc0      0x3ec X-CUBE-AI/App/aiTestHelper.o
                0x0000000008003bc0                aiPrintLayoutBuffer
 .text.aiPrintNetworkInfo
                0x0000000008003fac      0x1b8 X-CUBE-AI/App/aiTestHelper.o
                0x0000000008003fac                aiPrintNetworkInfo
 .text.dwtReset
                0x0000000008004164       0x18 X-CUBE-AI/App/aiTestUtility.o
 .text.dwtGetCycles
                0x000000000800417c       0x18 X-CUBE-AI/App/aiTestUtility.o
 .text.ioRawWriteBuffer
                0x0000000008004194       0x38 X-CUBE-AI/App/aiTestUtility.o
                0x0000000008004194                ioRawWriteBuffer
 .text.ioRawReadBuffer
                0x00000000080041cc       0x38 X-CUBE-AI/App/aiTestUtility.o
                0x00000000080041cc                ioRawReadBuffer
 .text.ioRawDisableLLWrite
                0x0000000008004204       0x18 X-CUBE-AI/App/aiTestUtility.o
                0x0000000008004204                ioRawDisableLLWrite
 .text._write   0x000000000800421c       0x6c X-CUBE-AI/App/aiTestUtility.o
                0x000000000800421c                _write
 .text.crcIpInit
                0x0000000008004288       0x44 X-CUBE-AI/App/aiTestUtility.o
 .text.dwtIpInit
                0x00000000080042cc       0x38 X-CUBE-AI/App/aiTestUtility.o
                0x00000000080042cc                dwtIpInit
 .text.systemCoreClock
                0x0000000008004304        0xe X-CUBE-AI/App/aiTestUtility.o
                0x0000000008004304                systemCoreClock
 .text.dwtCyclesToTime
                0x0000000008004312      0x266 X-CUBE-AI/App/aiTestUtility.o
                0x0000000008004312                dwtCyclesToTime
 .text.dwtCyclesToFloatMs
                0x0000000008004578       0x50 X-CUBE-AI/App/aiTestUtility.o
                0x0000000008004578                dwtCyclesToFloatMs
 .text.devIdToStr
                0x00000000080045c8      0x238 X-CUBE-AI/App/aiTestUtility.o
 .text.bitToStr
                0x0000000008004800       0x28 X-CUBE-AI/App/aiTestUtility.o
 .text.getFlashCacheConf
                0x0000000008004828       0x18 X-CUBE-AI/App/aiTestUtility.o
                0x0000000008004828                getFlashCacheConf
 .text.systemSettingLog
                0x0000000008004840      0x1b0 X-CUBE-AI/App/aiTestUtility.o
                0x0000000008004840                systemSettingLog
 .text.dwtReset
                0x00000000080049f0       0x18 X-CUBE-AI/App/aiValidation.o
 .text.dwtGetCycles
                0x0000000008004a08       0x18 X-CUBE-AI/App/aiValidation.o
 .text.disableInts
                0x0000000008004a20       0x20 X-CUBE-AI/App/aiValidation.o
 .text.restoreInts
                0x0000000008004a40       0x1e X-CUBE-AI/App/aiValidation.o
 .text.aiOnExecNode_cb
                0x0000000008004a5e      0x27a X-CUBE-AI/App/aiValidation.o
 .text.aiObserverAdjustInferenceTime
                0x0000000008004cd8       0x4a X-CUBE-AI/App/aiValidation.o
 .text.aiObserverSendReport
                0x0000000008004d22       0x68 X-CUBE-AI/App/aiValidation.o
 *fill*         0x0000000008004d8a        0x2 
 .text.aiObserverConfig
                0x0000000008004d8c       0x80 X-CUBE-AI/App/aiValidation.o
 .text.aiObserverBind
                0x0000000008004e0c       0x98 X-CUBE-AI/App/aiValidation.o
 .text.aiObserverUnbind
                0x0000000008004ea4       0x4a X-CUBE-AI/App/aiValidation.o
 *fill*         0x0000000008004eee        0x2 
 .text.aiExecCtx
                0x0000000008004ef0       0xcc X-CUBE-AI/App/aiValidation.o
 .text.aiBootstrap
                0x0000000008004fbc      0x160 X-CUBE-AI/App/aiValidation.o
 .text.aiInit   0x000000000800511c       0x9c X-CUBE-AI/App/aiValidation.o
 .text.aiPbCmdNNInfo
                0x00000000080051b8       0x4e X-CUBE-AI/App/aiValidation.o
                0x00000000080051b8                aiPbCmdNNInfo
 *fill*         0x0000000008005206        0x2 
 .text.aiPbCmdNNRun
                0x0000000008005208      0x35c X-CUBE-AI/App/aiValidation.o
                0x0000000008005208                aiPbCmdNNRun
 .text.aiValidationInit
                0x0000000008005564       0x38 X-CUBE-AI/App/aiValidation.o
                0x0000000008005564                aiValidationInit
 .text.aiValidationProcess
                0x000000000800559c       0x98 X-CUBE-AI/App/aiValidation.o
                0x000000000800559c                aiValidationProcess
 .text.MX_X_CUBE_AI_Init
                0x0000000008005634       0x10 X-CUBE-AI/App/app_x-cube-ai.o
                0x0000000008005634                MX_X_CUBE_AI_Init
 .text.MX_X_CUBE_AI_Process
                0x0000000008005644        0xc X-CUBE-AI/App/app_x-cube-ai.o
                0x0000000008005644                MX_X_CUBE_AI_Process
 .text.ai_mnetwork_is_valid
                0x0000000008005650       0x56 X-CUBE-AI/App/app_x-cube-ai.o
 *fill*         0x00000000080056a6        0x2 
 .text.ai_mnetwork_handle
                0x00000000080056a8       0x74 X-CUBE-AI/App/app_x-cube-ai.o
 .text.ai_mnetwork_release_handle
                0x000000000800571c       0x58 X-CUBE-AI/App/app_x-cube-ai.o
 .text.ai_mnetwork_find
                0x0000000008005774       0x60 X-CUBE-AI/App/app_x-cube-ai.o
                0x0000000008005774                ai_mnetwork_find
 .text.ai_mnetwork_create
                0x00000000080057d4       0xd8 X-CUBE-AI/App/app_x-cube-ai.o
                0x00000000080057d4                ai_mnetwork_create
 .text.ai_mnetwork_destroy
                0x00000000080058ac       0x44 X-CUBE-AI/App/app_x-cube-ai.o
                0x00000000080058ac                ai_mnetwork_destroy
 .text.ai_mnetwork_get_info
                0x00000000080058f0       0x36 X-CUBE-AI/App/app_x-cube-ai.o
                0x00000000080058f0                ai_mnetwork_get_info
 .text.ai_mnetwork_get_error
                0x0000000008005926       0x40 X-CUBE-AI/App/app_x-cube-ai.o
                0x0000000008005926                ai_mnetwork_get_error
 .text.ai_mnetwork_init
                0x0000000008005966       0xa2 X-CUBE-AI/App/app_x-cube-ai.o
                0x0000000008005966                ai_mnetwork_init
 .text.ai_mnetwork_run
                0x0000000008005a08       0x38 X-CUBE-AI/App/app_x-cube-ai.o
                0x0000000008005a08                ai_mnetwork_run
 .text.ai_mnetwork_get_private_handle
                0x0000000008005a40       0x58 X-CUBE-AI/App/app_x-cube-ai.o
                0x0000000008005a40                ai_mnetwork_get_private_handle
 .text.ai_mnetwork_get_ext_data_activations
                0x0000000008005a98       0x4a X-CUBE-AI/App/app_x-cube-ai.o
                0x0000000008005a98                ai_mnetwork_get_ext_data_activations
 .text.pb_field_iter_begin
                0x0000000008005ae2       0x6a X-CUBE-AI/App/pb_common.o
                0x0000000008005ae2                pb_field_iter_begin
 .text.pb_field_iter_next
                0x0000000008005b4c      0x10c X-CUBE-AI/App/pb_common.o
                0x0000000008005b4c                pb_field_iter_next
 .text.pb_field_iter_find
                0x0000000008005c58       0x4c X-CUBE-AI/App/pb_common.o
                0x0000000008005c58                pb_field_iter_find
 .text.buf_read
                0x0000000008005ca4       0x56 X-CUBE-AI/App/pb_decode.o
 *fill*         0x0000000008005cfa        0x2 
 .text.pb_read  0x0000000008005cfc       0xd0 X-CUBE-AI/App/pb_decode.o
                0x0000000008005cfc                pb_read
 .text.pb_readbyte
                0x0000000008005dcc       0x78 X-CUBE-AI/App/pb_decode.o
 .text.pb_istream_from_buffer
                0x0000000008005e44       0x3c X-CUBE-AI/App/pb_decode.o
                0x0000000008005e44                pb_istream_from_buffer
 .text.pb_decode_varint32_eof
                0x0000000008005e80      0x114 X-CUBE-AI/App/pb_decode.o
 .text.pb_decode_varint32
                0x0000000008005f94       0x1e X-CUBE-AI/App/pb_decode.o
                0x0000000008005f94                pb_decode_varint32
 *fill*         0x0000000008005fb2        0x2 
 .text.pb_decode_varint
                0x0000000008005fb4       0xc4 X-CUBE-AI/App/pb_decode.o
                0x0000000008005fb4                pb_decode_varint
 .text.pb_skip_varint
                0x0000000008006078       0x38 X-CUBE-AI/App/pb_decode.o
 .text.pb_skip_string
                0x00000000080060b0       0x3a X-CUBE-AI/App/pb_decode.o
 .text.pb_decode_tag
                0x00000000080060ea       0x6e X-CUBE-AI/App/pb_decode.o
                0x00000000080060ea                pb_decode_tag
 .text.pb_skip_field
                0x0000000008006158       0x84 X-CUBE-AI/App/pb_decode.o
                0x0000000008006158                pb_skip_field
 .text.read_raw_value
                0x00000000080061dc       0xb8 X-CUBE-AI/App/pb_decode.o
 .text.pb_make_string_substream
                0x0000000008006294       0x74 X-CUBE-AI/App/pb_decode.o
                0x0000000008006294                pb_make_string_substream
 .text.pb_close_string_substream
                0x0000000008006308       0x4a X-CUBE-AI/App/pb_decode.o
                0x0000000008006308                pb_close_string_substream
 *fill*         0x0000000008006352        0x2 
 .text.decode_static_field
                0x0000000008006354      0x244 X-CUBE-AI/App/pb_decode.o
 .text.decode_pointer_field
                0x0000000008006598       0x34 X-CUBE-AI/App/pb_decode.o
 .text.decode_callback_field
                0x00000000080065cc      0x110 X-CUBE-AI/App/pb_decode.o
 .text.decode_field
                0x00000000080066dc       0x78 X-CUBE-AI/App/pb_decode.o
 .text.iter_from_extension
                0x0000000008006754       0x4e X-CUBE-AI/App/pb_decode.o
 .text.default_extension_decoder
                0x00000000080067a2       0x52 X-CUBE-AI/App/pb_decode.o
 .text.decode_extension
                0x00000000080067f4       0x80 X-CUBE-AI/App/pb_decode.o
 .text.find_extension_field
                0x0000000008006874       0x3a X-CUBE-AI/App/pb_decode.o
 .text.pb_field_set_to_default
                0x00000000080068ae      0x156 X-CUBE-AI/App/pb_decode.o
 .text.pb_message_set_to_defaults
                0x0000000008006a04       0x48 X-CUBE-AI/App/pb_decode.o
 .text.pb_decode_noinit
                0x0000000008006a4c      0x2d4 X-CUBE-AI/App/pb_decode.o
                0x0000000008006a4c                pb_decode_noinit
 .text.pb_decode
                0x0000000008006d20       0x2c X-CUBE-AI/App/pb_decode.o
                0x0000000008006d20                pb_decode
 .text.pb_decode_delimited
                0x0000000008006d4c       0x64 X-CUBE-AI/App/pb_decode.o
                0x0000000008006d4c                pb_decode_delimited
 .text.pb_decode_svarint
                0x0000000008006db0       0x76 X-CUBE-AI/App/pb_decode.o
                0x0000000008006db0                pb_decode_svarint
 .text.pb_decode_fixed32
                0x0000000008006e26       0x4c X-CUBE-AI/App/pb_decode.o
                0x0000000008006e26                pb_decode_fixed32
 .text.pb_decode_fixed64
                0x0000000008006e72      0x10e X-CUBE-AI/App/pb_decode.o
                0x0000000008006e72                pb_decode_fixed64
 .text.pb_dec_varint
                0x0000000008006f80      0x12c X-CUBE-AI/App/pb_decode.o
 .text.pb_dec_uvarint
                0x00000000080070ac      0x10c X-CUBE-AI/App/pb_decode.o
 .text.pb_dec_svarint
                0x00000000080071b8      0x110 X-CUBE-AI/App/pb_decode.o
 .text.pb_dec_fixed32
                0x00000000080072c8       0x1e X-CUBE-AI/App/pb_decode.o
 .text.pb_dec_fixed64
                0x00000000080072e6       0x1e X-CUBE-AI/App/pb_decode.o
 .text.pb_dec_bytes
                0x0000000008007304       0xec X-CUBE-AI/App/pb_decode.o
 .text.pb_dec_string
                0x00000000080073f0       0xcc X-CUBE-AI/App/pb_decode.o
 .text.pb_dec_submessage
                0x00000000080074bc       0xb4 X-CUBE-AI/App/pb_decode.o
 .text.pb_dec_fixed_length_bytes
                0x0000000008007570       0xb0 X-CUBE-AI/App/pb_decode.o
 .text.pb_write
                0x0000000008007620       0x8c X-CUBE-AI/App/pb_encode.o
                0x0000000008007620                pb_write
 .text.encode_array
                0x00000000080076ac      0x21c X-CUBE-AI/App/pb_encode.o
 .text.pb_check_proto3_default_value
                0x00000000080078c8      0x19a X-CUBE-AI/App/pb_encode.o
 *fill*         0x0000000008007a62        0x2 
 .text.encode_basic_field
                0x0000000008007a64      0x1fc X-CUBE-AI/App/pb_encode.o
 .text.encode_callback_field
                0x0000000008007c60       0x5c X-CUBE-AI/App/pb_encode.o
 .text.encode_field
                0x0000000008007cbc       0x60 X-CUBE-AI/App/pb_encode.o
 .text.default_extension_encoder
                0x0000000008007d1c       0x48 X-CUBE-AI/App/pb_encode.o
 .text.encode_extension_field
                0x0000000008007d64       0x62 X-CUBE-AI/App/pb_encode.o
 .text.pb_const_cast
                0x0000000008007dc6       0x1a X-CUBE-AI/App/pb_encode.o
 .text.pb_encode
                0x0000000008007de0       0x8e X-CUBE-AI/App/pb_encode.o
                0x0000000008007de0                pb_encode
 .text.pb_encode_varint
                0x0000000008007e6e       0xa6 X-CUBE-AI/App/pb_encode.o
                0x0000000008007e6e                pb_encode_varint
 .text.pb_encode_svarint
                0x0000000008007f14       0x56 X-CUBE-AI/App/pb_encode.o
                0x0000000008007f14                pb_encode_svarint
 .text.pb_encode_fixed32
                0x0000000008007f6a       0x46 X-CUBE-AI/App/pb_encode.o
                0x0000000008007f6a                pb_encode_fixed32
 .text.pb_encode_fixed64
                0x0000000008007fb0       0xc8 X-CUBE-AI/App/pb_encode.o
                0x0000000008007fb0                pb_encode_fixed64
 .text.pb_encode_tag
                0x0000000008008078       0x48 X-CUBE-AI/App/pb_encode.o
                0x0000000008008078                pb_encode_tag
 .text.pb_encode_tag_for_field
                0x00000000080080c0       0x94 X-CUBE-AI/App/pb_encode.o
                0x00000000080080c0                pb_encode_tag_for_field
 .text.pb_encode_string
                0x0000000008008154       0x40 X-CUBE-AI/App/pb_encode.o
                0x0000000008008154                pb_encode_string
 .text.pb_encode_submessage
                0x0000000008008194      0x11c X-CUBE-AI/App/pb_encode.o
                0x0000000008008194                pb_encode_submessage
 .text.pb_enc_varint
                0x00000000080082b0       0xbc X-CUBE-AI/App/pb_encode.o
 .text.pb_enc_uvarint
                0x000000000800836c       0xb4 X-CUBE-AI/App/pb_encode.o
 .text.pb_enc_svarint
                0x0000000008008420       0xb8 X-CUBE-AI/App/pb_encode.o
 .text.pb_enc_fixed64
                0x00000000080084d8       0x1e X-CUBE-AI/App/pb_encode.o
 .text.pb_enc_fixed32
                0x00000000080084f6       0x1e X-CUBE-AI/App/pb_encode.o
 .text.pb_enc_bytes
                0x0000000008008514       0x7c X-CUBE-AI/App/pb_encode.o
 .text.pb_enc_string
                0x0000000008008590       0x6c X-CUBE-AI/App/pb_encode.o
 .text.pb_enc_submessage
                0x00000000080085fc       0x4c X-CUBE-AI/App/pb_encode.o
 .text.pb_enc_fixed_length_bytes
                0x0000000008008648       0x28 X-CUBE-AI/App/pb_encode.o
 .text.sample_classification_configure_activations
                0x0000000008008670       0xec X-CUBE-AI/App/sample_classification.o
 .text.sample_classification_configure_weights
                0x000000000800875c      0x1ac X-CUBE-AI/App/sample_classification.o
 .text.ai_sample_classification_get_info
                0x0000000008008908       0xd0 X-CUBE-AI/App/sample_classification.o
                0x0000000008008908                ai_sample_classification_get_info
 .text.ai_sample_classification_get_error
                0x00000000080089d8       0x18 X-CUBE-AI/App/sample_classification.o
                0x00000000080089d8                ai_sample_classification_get_error
 .text.ai_sample_classification_create
                0x00000000080089f0       0x2c X-CUBE-AI/App/sample_classification.o
                0x00000000080089f0                ai_sample_classification_create
 .text.ai_sample_classification_destroy
                0x0000000008008a1c       0x18 X-CUBE-AI/App/sample_classification.o
                0x0000000008008a1c                ai_sample_classification_destroy
 .text.ai_sample_classification_init
                0x0000000008008a34       0x7e X-CUBE-AI/App/sample_classification.o
                0x0000000008008a34                ai_sample_classification_init
 .text.ai_sample_classification_run
                0x0000000008008ab2       0x20 X-CUBE-AI/App/sample_classification.o
                0x0000000008008ab2                ai_sample_classification_run
 .text.ai_sample_classification_forward
                0x0000000008008ad2       0x1e X-CUBE-AI/App/sample_classification.o
                0x0000000008008ad2                ai_sample_classification_forward
 .text.ai_sample_classification_data_weights_get
                0x0000000008008af0       0x14 X-CUBE-AI/App/sample_classification_data.o
                0x0000000008008af0                ai_sample_classification_data_weights_get
 .text._platform_observer_node_exec_cb
                0x0000000008008b04       0xf4 ../Middlewares/ST/AI/Lib\NetworkRuntime520_CM4_GCC.a(ai_platform_interface.o)
 .text.unlikely._ai_platform_get_io_buffers_info
                0x0000000008008bf8       0x9c ../Middlewares/ST/AI/Lib\NetworkRuntime520_CM4_GCC.a(ai_platform_interface.o)
 .text.unlikely._platform_network_state_setup.isra.1
                0x0000000008008c94       0x3e ../Middlewares/ST/AI/Lib\NetworkRuntime520_CM4_GCC.a(ai_platform_interface.o)
 *fill*         0x0000000008008cd2        0x2 
 .text.ai_platform_runtime_get_revision
                0x0000000008008cd4       0x44 ../Middlewares/ST/AI/Lib\NetworkRuntime520_CM4_GCC.a(ai_platform_interface.o)
                0x0000000008008cd4                ai_platform_runtime_get_revision
 .text.ai_platform_runtime_get_version
                0x0000000008008d18       0x68 ../Middlewares/ST/AI/Lib\NetworkRuntime520_CM4_GCC.a(ai_platform_interface.o)
                0x0000000008008d18                ai_platform_runtime_get_version
 .text.ai_platform_api_get_version
                0x0000000008008d80       0x68 ../Middlewares/ST/AI/Lib\NetworkRuntime520_CM4_GCC.a(ai_platform_interface.o)
                0x0000000008008d80                ai_platform_api_get_version
 .text.ai_platform_interface_api_get_version
                0x0000000008008de8       0x68 ../Middlewares/ST/AI/Lib\NetworkRuntime520_CM4_GCC.a(ai_platform_interface.o)
                0x0000000008008de8                ai_platform_interface_api_get_version
 .text.ai_platform_context_acquire
                0x0000000008008e50       0x54 ../Middlewares/ST/AI/Lib\NetworkRuntime520_CM4_GCC.a(ai_platform_interface.o)
                0x0000000008008e50                ai_platform_context_acquire
 .text.ai_platform_network_get_error
                0x0000000008008ea4       0x64 ../Middlewares/ST/AI/Lib\NetworkRuntime520_CM4_GCC.a(ai_platform_interface.o)
                0x0000000008008ea4                ai_platform_network_get_error
 .text.ai_platform_api_get_network_report
                0x0000000008008f08      0x1d4 ../Middlewares/ST/AI/Lib\NetworkRuntime520_CM4_GCC.a(ai_platform_interface.o)
                0x0000000008008f08                ai_platform_api_get_network_report
 .text.ai_platform_network_create
                0x00000000080090dc       0xb0 ../Middlewares/ST/AI/Lib\NetworkRuntime520_CM4_GCC.a(ai_platform_interface.o)
                0x00000000080090dc                ai_platform_network_create
 .text.ai_platform_network_destroy
                0x000000000800918c       0x60 ../Middlewares/ST/AI/Lib\NetworkRuntime520_CM4_GCC.a(ai_platform_interface.o)
                0x000000000800918c                ai_platform_network_destroy
 .text.ai_platform_network_init
                0x00000000080091ec       0xfc ../Middlewares/ST/AI/Lib\NetworkRuntime520_CM4_GCC.a(ai_platform_interface.o)
                0x00000000080091ec                ai_platform_network_init
 .text.ai_platform_network_post_init
                0x00000000080092e8       0x90 ../Middlewares/ST/AI/Lib\NetworkRuntime520_CM4_GCC.a(ai_platform_interface.o)
                0x00000000080092e8                ai_platform_network_post_init
 .text.ai_platform_network_process
                0x0000000008009378      0x414 ../Middlewares/ST/AI/Lib\NetworkRuntime520_CM4_GCC.a(ai_platform_interface.o)
                0x0000000008009378                ai_platform_network_process
 .text.ai_platform_observer_register_s
                0x000000000800978c       0xbc ../Middlewares/ST/AI/Lib\NetworkRuntime520_CM4_GCC.a(ai_platform_interface.o)
                0x000000000800978c                ai_platform_observer_register_s
 .text.ai_platform_observer_unregister_s
                0x0000000008009848       0x6c ../Middlewares/ST/AI/Lib\NetworkRuntime520_CM4_GCC.a(ai_platform_interface.o)
                0x0000000008009848                ai_platform_observer_unregister_s
 .text.core_init
                0x00000000080098b4        0x4 ../Middlewares/ST/AI/Lib\NetworkRuntime520_CM4_GCC.a(core_common.o)
                0x00000000080098b4                core_init
 .text.core_get_error
                0x00000000080098b8        0xc ../Middlewares/ST/AI/Lib\NetworkRuntime520_CM4_GCC.a(core_common.o)
                0x00000000080098b8                core_get_error
 .text.core_set_error
                0x00000000080098c4       0x18 ../Middlewares/ST/AI/Lib\NetworkRuntime520_CM4_GCC.a(core_common.o)
                0x00000000080098c4                core_set_error
 .text.func_dummy
                0x00000000080098dc        0x4 ../Middlewares/ST/AI/Lib\NetworkRuntime520_CM4_GCC.a(layers_conv2d_generic_float.o)
 .text.ai_dict8_dot_array_f32
                0x00000000080098e0      0x19c ../Middlewares/ST/AI/Lib\NetworkRuntime520_CM4_GCC.a(layers_conv2d_generic_float.o)
                0x00000000080098e0                ai_dict8_dot_array_f32
 .text.ai_dict4_dot_array_f32
                0x0000000008009a7c      0x17c ../Middlewares/ST/AI/Lib\NetworkRuntime520_CM4_GCC.a(layers_conv2d_generic_float.o)
                0x0000000008009a7c                ai_dict4_dot_array_f32
 .text.ai_dict_decompress_f32
                0x0000000008009bf8       0xa0 ../Middlewares/ST/AI/Lib\NetworkRuntime520_CM4_GCC.a(layers_conv2d_generic_float.o)
                0x0000000008009bf8                ai_dict_decompress_f32
 .text.forward_conv2d
                0x0000000008009c98      0xf84 ../Middlewares/ST/AI/Lib\NetworkRuntime520_CM4_GCC.a(layers_conv2d_generic_float.o)
                0x0000000008009c98                forward_conv2d
 .text.forward_conv2d_nl_pool
                0x000000000800ac1c     0x1234 ../Middlewares/ST/AI/Lib\NetworkRuntime520_CM4_GCC.a(layers_conv2d_generic_float.o)
                0x000000000800ac1c                forward_conv2d_nl_pool
 .text.forward_dense
                0x000000000800be50      0x450 ../Middlewares/ST/AI/Lib\NetworkRuntime520_CM4_GCC.a(layers_conv2d_generic_float.o)
                0x000000000800be50                forward_dense
 .text.nl_func_relu_array_f32
                0x000000000800c2a0       0x4c ../Middlewares/ST/AI/Lib\NetworkRuntime520_CM4_GCC.a(layers_nl_generic_float.o)
                0x000000000800c2a0                nl_func_relu_array_f32
 .text.nl_func_relu_generic_array_f32
                0x000000000800c2ec       0xf8 ../Middlewares/ST/AI/Lib\NetworkRuntime520_CM4_GCC.a(layers_nl_generic_float.o)
                0x000000000800c2ec                nl_func_relu_generic_array_f32
 .text.forward_relu
                0x000000000800c3e4      0x120 ../Middlewares/ST/AI/Lib\NetworkRuntime520_CM4_GCC.a(layers_nl_generic_float.o)
                0x000000000800c3e4                forward_relu
 .text.forward_sm
                0x000000000800c504      0x12c ../Middlewares/ST/AI/Lib\NetworkRuntime520_CM4_GCC.a(layers_nl_generic_float.o)
                0x000000000800c504                forward_sm
 .text.pool_func_mp_array_f32
                0x000000000800c630      0x2b8 ../Middlewares/ST/AI/Lib\NetworkRuntime520_CM4_GCC.a(layers_pool_generic_float.o)
                0x000000000800c630                pool_func_mp_array_f32
 .text.ai_check_custom_types
                0x000000000800c8e8       0x54 ../Middlewares/ST/AI/Lib\NetworkRuntime520_CM4_GCC.a(layers.o)
                0x000000000800c8e8                ai_check_custom_types
 .text.ai_layers_forward_all
                0x000000000800c93c       0x74 ../Middlewares/ST/AI/Lib\NetworkRuntime520_CM4_GCC.a(layers.o)
                0x000000000800c93c                ai_layers_forward_all
 .text.ai_array_to_buffer_fmt
                0x000000000800c9b0       0x98 ../Middlewares/ST/AI/Lib\NetworkRuntime520_CM4_GCC.a(ai_datatypes_format.o)
                0x000000000800c9b0                ai_array_to_buffer_fmt
 .text.ai_array_get_byte_size
                0x000000000800ca48       0x44 ../Middlewares/ST/AI/Lib\NetworkRuntime520_CM4_GCC.a(ai_datatypes_format.o)
                0x000000000800ca48                ai_array_get_byte_size
 .text.__errno  0x000000000800ca8c        0xc c:/st/stm32cubeide_1.5.0/stm32cubeide/plugins/com.st.stm32cube.ide.mcu.externaltools.gnu-tools-for-stm32.7-2018-q2-update.win32_1.5.0.202011040924/tools/bin/../lib/gcc/arm-none-eabi/7.3.1/../../../../arm-none-eabi/lib/thumb/v7e-m/fpv4-sp/hard\libc_nano.a(lib_a-errno.o)
                0x000000000800ca8c                __errno
 .text.__libc_init_array
                0x000000000800ca98       0x48 c:/st/stm32cubeide_1.5.0/stm32cubeide/plugins/com.st.stm32cube.ide.mcu.externaltools.gnu-tools-for-stm32.7-2018-q2-update.win32_1.5.0.202011040924/tools/bin/../lib/gcc/arm-none-eabi/7.3.1/../../../../arm-none-eabi/lib/thumb/v7e-m/fpv4-sp/hard\libc_nano.a(lib_a-init.o)
                0x000000000800ca98                __libc_init_array
 .text.memcpy   0x000000000800cae0       0x16 c:/st/stm32cubeide_1.5.0/stm32cubeide/plugins/com.st.stm32cube.ide.mcu.externaltools.gnu-tools-for-stm32.7-2018-q2-update.win32_1.5.0.202011040924/tools/bin/../lib/gcc/arm-none-eabi/7.3.1/../../../../arm-none-eabi/lib/thumb/v7e-m/fpv4-sp/hard\libc_nano.a(lib_a-memcpy-stub.o)
                0x000000000800cae0                memcpy
 .text.memset   0x000000000800caf6       0x10 c:/st/stm32cubeide_1.5.0/stm32cubeide/plugins/com.st.stm32cube.ide.mcu.externaltools.gnu-tools-for-stm32.7-2018-q2-update.win32_1.5.0.202011040924/tools/bin/../lib/gcc/arm-none-eabi/7.3.1/../../../../arm-none-eabi/lib/thumb/v7e-m/fpv4-sp/hard\libc_nano.a(lib_a-memset.o)
                0x000000000800caf6                memset
 *fill*         0x000000000800cb06        0x2 
 .text._free_r  0x000000000800cb08       0x9c c:/st/stm32cubeide_1.5.0/stm32cubeide/plugins/com.st.stm32cube.ide.mcu.externaltools.gnu-tools-for-stm32.7-2018-q2-update.win32_1.5.0.202011040924/tools/bin/../lib/gcc/arm-none-eabi/7.3.1/../../../../arm-none-eabi/lib/thumb/v7e-m/fpv4-sp/hard\libc_nano.a(lib_a-nano-freer.o)
                0x000000000800cb08                _free_r
 .text._malloc_r
                0x000000000800cba4       0xb4 c:/st/stm32cubeide_1.5.0/stm32cubeide/plugins/com.st.stm32cube.ide.mcu.externaltools.gnu-tools-for-stm32.7-2018-q2-update.win32_1.5.0.202011040924/tools/bin/../lib/gcc/arm-none-eabi/7.3.1/../../../../arm-none-eabi/lib/thumb/v7e-m/fpv4-sp/hard\libc_nano.a(lib_a-nano-mallocr.o)
                0x000000000800cba4                _malloc_r
 .text.printf   0x000000000800cc58       0x30 c:/st/stm32cubeide_1.5.0/stm32cubeide/plugins/com.st.stm32cube.ide.mcu.externaltools.gnu-tools-for-stm32.7-2018-q2-update.win32_1.5.0.202011040924/tools/bin/../lib/gcc/arm-none-eabi/7.3.1/../../../../arm-none-eabi/lib/thumb/v7e-m/fpv4-sp/hard\libc_nano.a(lib_a-printf.o)
                0x000000000800cc58                iprintf
                0x000000000800cc58                printf
 .text._puts_r  0x000000000800cc88       0xb8 c:/st/stm32cubeide_1.5.0/stm32cubeide/plugins/com.st.stm32cube.ide.mcu.externaltools.gnu-tools-for-stm32.7-2018-q2-update.win32_1.5.0.202011040924/tools/bin/../lib/gcc/arm-none-eabi/7.3.1/../../../../arm-none-eabi/lib/thumb/v7e-m/fpv4-sp/hard\libc_nano.a(lib_a-puts.o)
                0x000000000800cc88                _puts_r
 .text.puts     0x000000000800cd40       0x10 c:/st/stm32cubeide_1.5.0/stm32cubeide/plugins/com.st.stm32cube.ide.mcu.externaltools.gnu-tools-for-stm32.7-2018-q2-update.win32_1.5.0.202011040924/tools/bin/../lib/gcc/arm-none-eabi/7.3.1/../../../../arm-none-eabi/lib/thumb/v7e-m/fpv4-sp/hard\libc_nano.a(lib_a-puts.o)
                0x000000000800cd40                puts
 .text._sbrk_r  0x000000000800cd50       0x20 c:/st/stm32cubeide_1.5.0/stm32cubeide/plugins/com.st.stm32cube.ide.mcu.externaltools.gnu-tools-for-stm32.7-2018-q2-update.win32_1.5.0.202011040924/tools/bin/../lib/gcc/arm-none-eabi/7.3.1/../../../../arm-none-eabi/lib/thumb/v7e-m/fpv4-sp/hard\libc_nano.a(lib_a-sbrkr.o)
                0x000000000800cd50                _sbrk_r
 .text.strncmp  0x000000000800cd70       0x24 c:/st/stm32cubeide_1.5.0/stm32cubeide/plugins/com.st.stm32cube.ide.mcu.externaltools.gnu-tools-for-stm32.7-2018-q2-update.win32_1.5.0.202011040924/tools/bin/../lib/gcc/arm-none-eabi/7.3.1/../../../../arm-none-eabi/lib/thumb/v7e-m/fpv4-sp/hard\libc_nano.a(lib_a-strncmp.o)
                0x000000000800cd70                strncmp
 .text.__swbuf_r
                0x000000000800cd94       0xa4 c:/st/stm32cubeide_1.5.0/stm32cubeide/plugins/com.st.stm32cube.ide.mcu.externaltools.gnu-tools-for-stm32.7-2018-q2-update.win32_1.5.0.202011040924/tools/bin/../lib/gcc/arm-none-eabi/7.3.1/../../../../arm-none-eabi/lib/thumb/v7e-m/fpv4-sp/hard\libc_nano.a(lib_a-wbuf.o)
                0x000000000800cd94                __swbuf_r
 .text.__swsetup_r
                0x000000000800ce38       0xdc c:/st/stm32cubeide_1.5.0/stm32cubeide/plugins/com.st.stm32cube.ide.mcu.externaltools.gnu-tools-for-stm32.7-2018-q2-update.win32_1.5.0.202011040924/tools/bin/../lib/gcc/arm-none-eabi/7.3.1/../../../../arm-none-eabi/lib/thumb/v7e-m/fpv4-sp/hard\libc_nano.a(lib_a-wsetup.o)
                0x000000000800ce38                __swsetup_r
 .text.__sflush_r
                0x000000000800cf14      0x10c c:/st/stm32cubeide_1.5.0/stm32cubeide/plugins/com.st.stm32cube.ide.mcu.externaltools.gnu-tools-for-stm32.7-2018-q2-update.win32_1.5.0.202011040924/tools/bin/../lib/gcc/arm-none-eabi/7.3.1/../../../../arm-none-eabi/lib/thumb/v7e-m/fpv4-sp/hard\libc_nano.a(lib_a-fflush.o)
                0x000000000800cf14                __sflush_r
 .text._fflush_r
                0x000000000800d020       0x54 c:/st/stm32cubeide_1.5.0/stm32cubeide/plugins/com.st.stm32cube.ide.mcu.externaltools.gnu-tools-for-stm32.7-2018-q2-update.win32_1.5.0.202011040924/tools/bin/../lib/gcc/arm-none-eabi/7.3.1/../../../../arm-none-eabi/lib/thumb/v7e-m/fpv4-sp/hard\libc_nano.a(lib_a-fflush.o)
                0x000000000800d020                _fflush_r
 .text.std      0x000000000800d074       0x48 c:/st/stm32cubeide_1.5.0/stm32cubeide/plugins/com.st.stm32cube.ide.mcu.externaltools.gnu-tools-for-stm32.7-2018-q2-update.win32_1.5.0.202011040924/tools/bin/../lib/gcc/arm-none-eabi/7.3.1/../../../../arm-none-eabi/lib/thumb/v7e-m/fpv4-sp/hard\libc_nano.a(lib_a-findfp.o)
 .text._cleanup_r
                0x000000000800d0bc        0xc c:/st/stm32cubeide_1.5.0/stm32cubeide/plugins/com.st.stm32cube.ide.mcu.externaltools.gnu-tools-for-stm32.7-2018-q2-update.win32_1.5.0.202011040924/tools/bin/../lib/gcc/arm-none-eabi/7.3.1/../../../../arm-none-eabi/lib/thumb/v7e-m/fpv4-sp/hard\libc_nano.a(lib_a-findfp.o)
                0x000000000800d0bc                _cleanup_r
 .text.__sfmoreglue
                0x000000000800d0c8       0x2c c:/st/stm32cubeide_1.5.0/stm32cubeide/plugins/com.st.stm32cube.ide.mcu.externaltools.gnu-tools-for-stm32.7-2018-q2-update.win32_1.5.0.202011040924/tools/bin/../lib/gcc/arm-none-eabi/7.3.1/../../../../arm-none-eabi/lib/thumb/v7e-m/fpv4-sp/hard\libc_nano.a(lib_a-findfp.o)
                0x000000000800d0c8                __sfmoreglue
 .text.__sinit  0x000000000800d0f4       0x60 c:/st/stm32cubeide_1.5.0/stm32cubeide/plugins/com.st.stm32cube.ide.mcu.externaltools.gnu-tools-for-stm32.7-2018-q2-update.win32_1.5.0.202011040924/tools/bin/../lib/gcc/arm-none-eabi/7.3.1/../../../../arm-none-eabi/lib/thumb/v7e-m/fpv4-sp/hard\libc_nano.a(lib_a-findfp.o)
                0x000000000800d0f4                __sinit
 .text.__sfp    0x000000000800d154       0x78 c:/st/stm32cubeide_1.5.0/stm32cubeide/plugins/com.st.stm32cube.ide.mcu.externaltools.gnu-tools-for-stm32.7-2018-q2-update.win32_1.5.0.202011040924/tools/bin/../lib/gcc/arm-none-eabi/7.3.1/../../../../arm-none-eabi/lib/thumb/v7e-m/fpv4-sp/hard\libc_nano.a(lib_a-findfp.o)
                0x000000000800d154                __sfp
 .text._fwalk_reent
                0x000000000800d1cc       0x3c c:/st/stm32cubeide_1.5.0/stm32cubeide/plugins/com.st.stm32cube.ide.mcu.externaltools.gnu-tools-for-stm32.7-2018-q2-update.win32_1.5.0.202011040924/tools/bin/../lib/gcc/arm-none-eabi/7.3.1/../../../../arm-none-eabi/lib/thumb/v7e-m/fpv4-sp/hard\libc_nano.a(lib_a-fwalk.o)
                0x000000000800d1cc                _fwalk_reent
 .text.__swhatbuf_r
                0x000000000800d208       0x48 c:/st/stm32cubeide_1.5.0/stm32cubeide/plugins/com.st.stm32cube.ide.mcu.externaltools.gnu-tools-for-stm32.7-2018-q2-update.win32_1.5.0.202011040924/tools/bin/../lib/gcc/arm-none-eabi/7.3.1/../../../../arm-none-eabi/lib/thumb/v7e-m/fpv4-sp/hard\libc_nano.a(lib_a-makebuf.o)
                0x000000000800d208                __swhatbuf_r
 .text.__smakebuf_r
                0x000000000800d250       0x80 c:/st/stm32cubeide_1.5.0/stm32cubeide/plugins/com.st.stm32cube.ide.mcu.externaltools.gnu-tools-for-stm32.7-2018-q2-update.win32_1.5.0.202011040924/tools/bin/../lib/gcc/arm-none-eabi/7.3.1/../../../../arm-none-eabi/lib/thumb/v7e-m/fpv4-sp/hard\libc_nano.a(lib_a-makebuf.o)
                0x000000000800d250                __smakebuf_r
 .text.__malloc_lock
                0x000000000800d2d0        0x2 c:/st/stm32cubeide_1.5.0/stm32cubeide/plugins/com.st.stm32cube.ide.mcu.externaltools.gnu-tools-for-stm32.7-2018-q2-update.win32_1.5.0.202011040924/tools/bin/../lib/gcc/arm-none-eabi/7.3.1/../../../../arm-none-eabi/lib/thumb/v7e-m/fpv4-sp/hard\libc_nano.a(lib_a-mlock.o)
                0x000000000800d2d0                __malloc_lock
 .text.__malloc_unlock
                0x000000000800d2d2        0x2 c:/st/stm32cubeide_1.5.0/stm32cubeide/plugins/com.st.stm32cube.ide.mcu.externaltools.gnu-tools-for-stm32.7-2018-q2-update.win32_1.5.0.202011040924/tools/bin/../lib/gcc/arm-none-eabi/7.3.1/../../../../arm-none-eabi/lib/thumb/v7e-m/fpv4-sp/hard\libc_nano.a(lib_a-mlock.o)
                0x000000000800d2d2                __malloc_unlock
 .text.__sfputc_r
                0x000000000800d2d4       0x2e c:/st/stm32cubeide_1.5.0/stm32cubeide/plugins/com.st.stm32cube.ide.mcu.externaltools.gnu-tools-for-stm32.7-2018-q2-update.win32_1.5.0.202011040924/tools/bin/../lib/gcc/arm-none-eabi/7.3.1/../../../../arm-none-eabi/lib/thumb/v7e-m/fpv4-sp/hard\libc_nano.a(lib_a-nano-vfprintf.o)
 .text.__sfputs_r
                0x000000000800d302       0x24 c:/st/stm32cubeide_1.5.0/stm32cubeide/plugins/com.st.stm32cube.ide.mcu.externaltools.gnu-tools-for-stm32.7-2018-q2-update.win32_1.5.0.202011040924/tools/bin/../lib/gcc/arm-none-eabi/7.3.1/../../../../arm-none-eabi/lib/thumb/v7e-m/fpv4-sp/hard\libc_nano.a(lib_a-nano-vfprintf.o)
                0x000000000800d302                __sfputs_r
 *fill*         0x000000000800d326        0x2 
 .text._vfprintf_r
                0x000000000800d328      0x22c c:/st/stm32cubeide_1.5.0/stm32cubeide/plugins/com.st.stm32cube.ide.mcu.externaltools.gnu-tools-for-stm32.7-2018-q2-update.win32_1.5.0.202011040924/tools/bin/../lib/gcc/arm-none-eabi/7.3.1/../../../../arm-none-eabi/lib/thumb/v7e-m/fpv4-sp/hard\libc_nano.a(lib_a-nano-vfprintf.o)
                0x000000000800d328                _vfprintf_r
                0x000000000800d328                _vfiprintf_r
 .text._printf_common
                0x000000000800d554       0xea c:/st/stm32cubeide_1.5.0/stm32cubeide/plugins/com.st.stm32cube.ide.mcu.externaltools.gnu-tools-for-stm32.7-2018-q2-update.win32_1.5.0.202011040924/tools/bin/../lib/gcc/arm-none-eabi/7.3.1/../../../../arm-none-eabi/lib/thumb/v7e-m/fpv4-sp/hard\libc_nano.a(lib_a-nano-vfprintf_i.o)
                0x000000000800d554                _printf_common
 *fill*         0x000000000800d63e        0x2 
 .text._printf_i
                0x000000000800d640      0x224 c:/st/stm32cubeide_1.5.0/stm32cubeide/plugins/com.st.stm32cube.ide.mcu.externaltools.gnu-tools-for-stm32.7-2018-q2-update.win32_1.5.0.202011040924/tools/bin/../lib/gcc/arm-none-eabi/7.3.1/../../../../arm-none-eabi/lib/thumb/v7e-m/fpv4-sp/hard\libc_nano.a(lib_a-nano-vfprintf_i.o)
                0x000000000800d640                _printf_i
 .text.__sread  0x000000000800d864       0x22 c:/st/stm32cubeide_1.5.0/stm32cubeide/plugins/com.st.stm32cube.ide.mcu.externaltools.gnu-tools-for-stm32.7-2018-q2-update.win32_1.5.0.202011040924/tools/bin/../lib/gcc/arm-none-eabi/7.3.1/../../../../arm-none-eabi/lib/thumb/v7e-m/fpv4-sp/hard\libc_nano.a(lib_a-stdio.o)
                0x000000000800d864                __sread
 .text.__swrite
                0x000000000800d886       0x38 c:/st/stm32cubeide_1.5.0/stm32cubeide/plugins/com.st.stm32cube.ide.mcu.externaltools.gnu-tools-for-stm32.7-2018-q2-update.win32_1.5.0.202011040924/tools/bin/../lib/gcc/arm-none-eabi/7.3.1/../../../../arm-none-eabi/lib/thumb/v7e-m/fpv4-sp/hard\libc_nano.a(lib_a-stdio.o)
                0x000000000800d886                __swrite
 .text.__sseek  0x000000000800d8be       0x24 c:/st/stm32cubeide_1.5.0/stm32cubeide/plugins/com.st.stm32cube.ide.mcu.externaltools.gnu-tools-for-stm32.7-2018-q2-update.win32_1.5.0.202011040924/tools/bin/../lib/gcc/arm-none-eabi/7.3.1/../../../../arm-none-eabi/lib/thumb/v7e-m/fpv4-sp/hard\libc_nano.a(lib_a-stdio.o)
                0x000000000800d8be                __sseek
 .text.__sclose
                0x000000000800d8e2        0x8 c:/st/stm32cubeide_1.5.0/stm32cubeide/plugins/com.st.stm32cube.ide.mcu.externaltools.gnu-tools-for-stm32.7-2018-q2-update.win32_1.5.0.202011040924/tools/bin/../lib/gcc/arm-none-eabi/7.3.1/../../../../arm-none-eabi/lib/thumb/v7e-m/fpv4-sp/hard\libc_nano.a(lib_a-stdio.o)
                0x000000000800d8e2                __sclose
 *fill*         0x000000000800d8ea        0x2 
 .text._write_r
                0x000000000800d8ec       0x24 c:/st/stm32cubeide_1.5.0/stm32cubeide/plugins/com.st.stm32cube.ide.mcu.externaltools.gnu-tools-for-stm32.7-2018-q2-update.win32_1.5.0.202011040924/tools/bin/../lib/gcc/arm-none-eabi/7.3.1/../../../../arm-none-eabi/lib/thumb/v7e-m/fpv4-sp/hard\libc_nano.a(lib_a-writer.o)
                0x000000000800d8ec                _write_r
 .text._close_r
                0x000000000800d910       0x20 c:/st/stm32cubeide_1.5.0/stm32cubeide/plugins/com.st.stm32cube.ide.mcu.externaltools.gnu-tools-for-stm32.7-2018-q2-update.win32_1.5.0.202011040924/tools/bin/../lib/gcc/arm-none-eabi/7.3.1/../../../../arm-none-eabi/lib/thumb/v7e-m/fpv4-sp/hard\libc_nano.a(lib_a-closer.o)
                0x000000000800d910                _close_r
 .text._fstat_r
                0x000000000800d930       0x24 c:/st/stm32cubeide_1.5.0/stm32cubeide/plugins/com.st.stm32cube.ide.mcu.externaltools.gnu-tools-for-stm32.7-2018-q2-update.win32_1.5.0.202011040924/tools/bin/../lib/gcc/arm-none-eabi/7.3.1/../../../../arm-none-eabi/lib/thumb/v7e-m/fpv4-sp/hard\libc_nano.a(lib_a-fstatr.o)
                0x000000000800d930                _fstat_r
 .text._isatty_r
                0x000000000800d954       0x20 c:/st/stm32cubeide_1.5.0/stm32cubeide/plugins/com.st.stm32cube.ide.mcu.externaltools.gnu-tools-for-stm32.7-2018-q2-update.win32_1.5.0.202011040924/tools/bin/../lib/gcc/arm-none-eabi/7.3.1/../../../../arm-none-eabi/lib/thumb/v7e-m/fpv4-sp/hard\libc_nano.a(lib_a-isattyr.o)
                0x000000000800d954                _isatty_r
 .text._lseek_r
                0x000000000800d974       0x24 c:/st/stm32cubeide_1.5.0/stm32cubeide/plugins/com.st.stm32cube.ide.mcu.externaltools.gnu-tools-for-stm32.7-2018-q2-update.win32_1.5.0.202011040924/tools/bin/../lib/gcc/arm-none-eabi/7.3.1/../../../../arm-none-eabi/lib/thumb/v7e-m/fpv4-sp/hard\libc_nano.a(lib_a-lseekr.o)
                0x000000000800d974                _lseek_r
 .text._read_r  0x000000000800d998       0x24 c:/st/stm32cubeide_1.5.0/stm32cubeide/plugins/com.st.stm32cube.ide.mcu.externaltools.gnu-tools-for-stm32.7-2018-q2-update.win32_1.5.0.202011040924/tools/bin/../lib/gcc/arm-none-eabi/7.3.1/../../../../arm-none-eabi/lib/thumb/v7e-m/fpv4-sp/hard\libc_nano.a(lib_a-readr.o)
                0x000000000800d998                _read_r
 .text.expf     0x000000000800d9bc       0xf4 c:/st/stm32cubeide_1.5.0/stm32cubeide/plugins/com.st.stm32cube.ide.mcu.externaltools.gnu-tools-for-stm32.7-2018-q2-update.win32_1.5.0.202011040924/tools/bin/../lib/gcc/arm-none-eabi/7.3.1/../../../../arm-none-eabi/lib/thumb/v7e-m/fpv4-sp/hard\libm.a(lib_a-wf_exp.o)
                0x000000000800d9bc                expf
 .text.__ieee754_expf
                0x000000000800dab0      0x1a8 c:/st/stm32cubeide_1.5.0/stm32cubeide/plugins/com.st.stm32cube.ide.mcu.externaltools.gnu-tools-for-stm32.7-2018-q2-update.win32_1.5.0.202011040924/tools/bin/../lib/gcc/arm-none-eabi/7.3.1/../../../../arm-none-eabi/lib/thumb/v7e-m/fpv4-sp/hard\libm.a(lib_a-ef_exp.o)
                0x000000000800dab0                __ieee754_expf
 .text.matherr  0x000000000800dc58        0x4 c:/st/stm32cubeide_1.5.0/stm32cubeide/plugins/com.st.stm32cube.ide.mcu.externaltools.gnu-tools-for-stm32.7-2018-q2-update.win32_1.5.0.202011040924/tools/bin/../lib/gcc/arm-none-eabi/7.3.1/../../../../arm-none-eabi/lib/thumb/v7e-m/fpv4-sp/hard\libm.a(lib_a-s_matherr.o)
                0x000000000800dc58                matherr
 .text.finitef  0x000000000800dc5c       0x14 c:/st/stm32cubeide_1.5.0/stm32cubeide/plugins/com.st.stm32cube.ide.mcu.externaltools.gnu-tools-for-stm32.7-2018-q2-update.win32_1.5.0.202011040924/tools/bin/../lib/gcc/arm-none-eabi/7.3.1/../../../../arm-none-eabi/lib/thumb/v7e-m/fpv4-sp/hard\libm.a(lib_a-sf_finite.o)
                0x000000000800dc5c                finitef
 *(.glue_7)
 .glue_7        0x000000000800dc70        0x0 linker stubs
 *(.glue_7t)
 .glue_7t       0x000000000800dc70        0x0 linker stubs
 *(.eh_frame)
 .eh_frame      0x000000000800dc70        0x0 c:/st/stm32cubeide_1.5.0/stm32cubeide/plugins/com.st.stm32cube.ide.mcu.externaltools.gnu-tools-for-stm32.7-2018-q2-update.win32_1.5.0.202011040924/tools/bin/../lib/gcc/arm-none-eabi/7.3.1/thumb/v7e-m/fpv4-sp/hard/crtbegin.o
 *(.init)
 .init          0x000000000800dc70        0x4 c:/st/stm32cubeide_1.5.0/stm32cubeide/plugins/com.st.stm32cube.ide.mcu.externaltools.gnu-tools-for-stm32.7-2018-q2-update.win32_1.5.0.202011040924/tools/bin/../lib/gcc/arm-none-eabi/7.3.1/thumb/v7e-m/fpv4-sp/hard/crti.o
                0x000000000800dc70                _init
 .init          0x000000000800dc74        0x8 c:/st/stm32cubeide_1.5.0/stm32cubeide/plugins/com.st.stm32cube.ide.mcu.externaltools.gnu-tools-for-stm32.7-2018-q2-update.win32_1.5.0.202011040924/tools/bin/../lib/gcc/arm-none-eabi/7.3.1/thumb/v7e-m/fpv4-sp/hard/crtn.o
 *(.fini)
 .fini          0x000000000800dc7c        0x4 c:/st/stm32cubeide_1.5.0/stm32cubeide/plugins/com.st.stm32cube.ide.mcu.externaltools.gnu-tools-for-stm32.7-2018-q2-update.win32_1.5.0.202011040924/tools/bin/../lib/gcc/arm-none-eabi/7.3.1/thumb/v7e-m/fpv4-sp/hard/crti.o
                0x000000000800dc7c                _fini
 .fini          0x000000000800dc80        0x8 c:/st/stm32cubeide_1.5.0/stm32cubeide/plugins/com.st.stm32cube.ide.mcu.externaltools.gnu-tools-for-stm32.7-2018-q2-update.win32_1.5.0.202011040924/tools/bin/../lib/gcc/arm-none-eabi/7.3.1/thumb/v7e-m/fpv4-sp/hard/crtn.o
                0x000000000800dc88                . = ALIGN (0x4)
                0x000000000800dc88                _etext = .

.vfp11_veneer   0x000000000800dc88        0x0
 .vfp11_veneer  0x000000000800dc88        0x0 linker stubs

.v4_bx          0x000000000800dc88        0x0
 .v4_bx         0x000000000800dc88        0x0 linker stubs

.iplt           0x000000000800dc88        0x0
 .iplt          0x000000000800dc88        0x0 c:/st/stm32cubeide_1.5.0/stm32cubeide/plugins/com.st.stm32cube.ide.mcu.externaltools.gnu-tools-for-stm32.7-2018-q2-update.win32_1.5.0.202011040924/tools/bin/../lib/gcc/arm-none-eabi/7.3.1/thumb/v7e-m/fpv4-sp/hard/crtbegin.o

.rodata         0x000000000800dc88    0x3c370
                0x000000000800dc88                . = ALIGN (0x4)
 *(.rodata)
 .rodata        0x000000000800dc88        0xa X-CUBE-AI/App/aiPbMgr.o
 *fill*         0x000000000800dc92        0x2 
 .rodata        0x000000000800dc94      0x2c0 X-CUBE-AI/App/aiTestHelper.o
 .rodata        0x000000000800df54      0x2da X-CUBE-AI/App/aiTestUtility.o
 *fill*         0x000000000800e22e        0x2 
 .rodata        0x000000000800e230      0x2cd X-CUBE-AI/App/aiValidation.o
 *fill*         0x000000000800e4fd        0x3 
 .rodata        0x000000000800e500       0x16 X-CUBE-AI/App/app_x-cube-ai.o
 *fill*         0x000000000800e516        0x2 
 .rodata        0x000000000800e518      0x172 X-CUBE-AI/App/pb_decode.o
 *fill*         0x000000000800e68a        0x2 
 .rodata        0x000000000800e68c       0xc1 X-CUBE-AI/App/pb_encode.o
 *fill*         0x000000000800e74d        0x3 
 .rodata        0x000000000800e750       0x7c X-CUBE-AI/App/sample_classification.o
 .rodata        0x000000000800e7cc        0x4 ../Middlewares/ST/AI/Lib\NetworkRuntime520_CM4_GCC.a(layers.o)
 *(.rodata*)
 .rodata.AHBPrescTable
                0x000000000800e7d0       0x10 Core/Src/system_stm32f4xx.o
                0x000000000800e7d0                AHBPrescTable
 .rodata.APBPrescTable
                0x000000000800e7e0        0x8 Core/Src/system_stm32f4xx.o
                0x000000000800e7e0                APBPrescTable
 .rodata.networks
                0x000000000800e7e8       0x60 X-CUBE-AI/App/app_x-cube-ai.o
 .rodata.PB_DECODERS
                0x000000000800e848       0x28 X-CUBE-AI/App/pb_decode.o
 .rodata.PB_ENCODERS
                0x000000000800e870       0x28 X-CUBE-AI/App/pb_encode.o
 .rodata.conv2d_7_chain
                0x000000000800e898        0x8 X-CUBE-AI/App/sample_classification.o
 .rodata.conv2d_8_chain
                0x000000000800e8a0        0x8 X-CUBE-AI/App/sample_classification.o
 .rodata.conv2d_9_chain
                0x000000000800e8a8        0x8 X-CUBE-AI/App/sample_classification.o
 .rodata.dense_5_chain
                0x000000000800e8b0        0x8 X-CUBE-AI/App/sample_classification.o
 .rodata.dense_5_nl_chain
                0x000000000800e8b8        0x8 X-CUBE-AI/App/sample_classification.o
 .rodata.dense_6_chain
                0x000000000800e8c0        0x8 X-CUBE-AI/App/sample_classification.o
 .rodata.dense_6_nl_chain
                0x000000000800e8c8        0x8 X-CUBE-AI/App/sample_classification.o
 .rodata.s_sample_classification_weights.5657
                0x000000000800e8d0    0x3b1e8 X-CUBE-AI/App/sample_classification_data.o
 .rodata.reqMsg_cmd_default
                0x0000000008049ab8        0x1 X-CUBE-AI/App/stm32msg.pb.o
                0x0000000008049ab8                reqMsg_cmd_default
 *fill*         0x0000000008049ab9        0x3 
 .rodata.aiBufferShapeMsg_format_default
                0x0000000008049abc        0x4 X-CUBE-AI/App/stm32msg.pb.o
                0x0000000008049abc                aiBufferShapeMsg_format_default
 .rodata.aiBufferShapeMsg_n_batches_default
                0x0000000008049ac0        0x4 X-CUBE-AI/App/stm32msg.pb.o
                0x0000000008049ac0                aiBufferShapeMsg_n_batches_default
 .rodata.aiBufferShapeMsg_height_default
                0x0000000008049ac4        0x4 X-CUBE-AI/App/stm32msg.pb.o
                0x0000000008049ac4                aiBufferShapeMsg_height_default
 .rodata.aiBufferShapeMsg_width_default
                0x0000000008049ac8        0x4 X-CUBE-AI/App/stm32msg.pb.o
                0x0000000008049ac8                aiBufferShapeMsg_width_default
 .rodata.aiBufferShapeMsg_channels_default
                0x0000000008049acc        0x4 X-CUBE-AI/App/stm32msg.pb.o
                0x0000000008049acc                aiBufferShapeMsg_channels_default
 .rodata.aiBufferShapeMsg_scale_default
                0x0000000008049ad0        0x4 X-CUBE-AI/App/stm32msg.pb.o
                0x0000000008049ad0                aiBufferShapeMsg_scale_default
 .rodata.aiBufferShapeMsg_zeropoint_default
                0x0000000008049ad4        0x4 X-CUBE-AI/App/stm32msg.pb.o
                0x0000000008049ad4                aiBufferShapeMsg_zeropoint_default
 .rodata.reqMsg_fields
                0x0000000008049ad8       0x5a X-CUBE-AI/App/stm32msg.pb.o
                0x0000000008049ad8                reqMsg_fields
 *fill*         0x0000000008049b32        0x2 
 .rodata.aiRunReportMsg_fields
                0x0000000008049b34       0x5a X-CUBE-AI/App/stm32msg.pb.o
                0x0000000008049b34                aiRunReportMsg_fields
 *fill*         0x0000000008049b8e        0x2 
 .rodata.aiBufferShapeMsg_fields
                0x0000000008049b90       0x78 X-CUBE-AI/App/stm32msg.pb.o
                0x0000000008049b90                aiBufferShapeMsg_fields
 .rodata.aiNetworkInfoMsg_fields
                0x0000000008049c08      0x13b X-CUBE-AI/App/stm32msg.pb.o
                0x0000000008049c08                aiNetworkInfoMsg_fields
 *fill*         0x0000000008049d43        0x1 
 .rodata.aiBufferByteMsg_fields
                0x0000000008049d44       0x2d X-CUBE-AI/App/stm32msg.pb.o
                0x0000000008049d44                aiBufferByteMsg_fields
 *fill*         0x0000000008049d71        0x3 
 .rodata.syncMsg_fields
                0x0000000008049d74       0x2d X-CUBE-AI/App/stm32msg.pb.o
                0x0000000008049d74                syncMsg_fields
 *fill*         0x0000000008049da1        0x3 
 .rodata.sysinfoMsg_fields
                0x0000000008049da4       0x4b X-CUBE-AI/App/stm32msg.pb.o
                0x0000000008049da4                sysinfoMsg_fields
 *fill*         0x0000000008049def        0x1 
 .rodata.ackMsg_fields
                0x0000000008049df0       0x2d X-CUBE-AI/App/stm32msg.pb.o
                0x0000000008049df0                ackMsg_fields
 *fill*         0x0000000008049e1d        0x3 
 .rodata.logMsg_fields
                0x0000000008049e20       0x2d X-CUBE-AI/App/stm32msg.pb.o
                0x0000000008049e20                logMsg_fields
 *fill*         0x0000000008049e4d        0x3 
 .rodata.nodeMsg_fields
                0x0000000008049e50       0x4b X-CUBE-AI/App/stm32msg.pb.o
                0x0000000008049e50                nodeMsg_fields
 *fill*         0x0000000008049e9b        0x1 
 .rodata.respMsg_fields
                0x0000000008049e9c       0x96 X-CUBE-AI/App/stm32msg.pb.o
                0x0000000008049e9c                respMsg_fields
 *fill*         0x0000000008049f32        0x2 
 .rodata.ai_platform_runtime_get_revision.str1.4
                0x0000000008049f34        0x4 ../Middlewares/ST/AI/Lib\NetworkRuntime520_CM4_GCC.a(ai_platform_interface.o)
                                          0x1 (size before relaxing)
 .rodata.v.8526
                0x0000000008049f38        0x4 ../Middlewares/ST/AI/Lib\NetworkRuntime520_CM4_GCC.a(ai_platform_interface.o)
 .rodata.v.8530
                0x0000000008049f3c        0x4 ../Middlewares/ST/AI/Lib\NetworkRuntime520_CM4_GCC.a(ai_platform_interface.o)
 .rodata.v.8534
                0x0000000008049f40        0x4 ../Middlewares/ST/AI/Lib\NetworkRuntime520_CM4_GCC.a(ai_platform_interface.o)
 .rodata._global_impure_ptr
                0x0000000008049f44        0x4 c:/st/stm32cubeide_1.5.0/stm32cubeide/plugins/com.st.stm32cube.ide.mcu.externaltools.gnu-tools-for-stm32.7-2018-q2-update.win32_1.5.0.202011040924/tools/bin/../lib/gcc/arm-none-eabi/7.3.1/../../../../arm-none-eabi/lib/thumb/v7e-m/fpv4-sp/hard\libc_nano.a(lib_a-impure.o)
                0x0000000008049f44                _global_impure_ptr
 .rodata.__sf_fake_stderr
                0x0000000008049f48       0x20 c:/st/stm32cubeide_1.5.0/stm32cubeide/plugins/com.st.stm32cube.ide.mcu.externaltools.gnu-tools-for-stm32.7-2018-q2-update.win32_1.5.0.202011040924/tools/bin/../lib/gcc/arm-none-eabi/7.3.1/../../../../arm-none-eabi/lib/thumb/v7e-m/fpv4-sp/hard\libc_nano.a(lib_a-findfp.o)
                0x0000000008049f48                __sf_fake_stderr
 .rodata.__sf_fake_stdin
                0x0000000008049f68       0x20 c:/st/stm32cubeide_1.5.0/stm32cubeide/plugins/com.st.stm32cube.ide.mcu.externaltools.gnu-tools-for-stm32.7-2018-q2-update.win32_1.5.0.202011040924/tools/bin/../lib/gcc/arm-none-eabi/7.3.1/../../../../arm-none-eabi/lib/thumb/v7e-m/fpv4-sp/hard\libc_nano.a(lib_a-findfp.o)
                0x0000000008049f68                __sf_fake_stdin
 .rodata.__sf_fake_stdout
                0x0000000008049f88       0x20 c:/st/stm32cubeide_1.5.0/stm32cubeide/plugins/com.st.stm32cube.ide.mcu.externaltools.gnu-tools-for-stm32.7-2018-q2-update.win32_1.5.0.202011040924/tools/bin/../lib/gcc/arm-none-eabi/7.3.1/../../../../arm-none-eabi/lib/thumb/v7e-m/fpv4-sp/hard\libc_nano.a(lib_a-findfp.o)
                0x0000000008049f88                __sf_fake_stdout
 .rodata._vfprintf_r.str1.1
                0x0000000008049fa8       0x11 c:/st/stm32cubeide_1.5.0/stm32cubeide/plugins/com.st.stm32cube.ide.mcu.externaltools.gnu-tools-for-stm32.7-2018-q2-update.win32_1.5.0.202011040924/tools/bin/../lib/gcc/arm-none-eabi/7.3.1/../../../../arm-none-eabi/lib/thumb/v7e-m/fpv4-sp/hard\libc_nano.a(lib_a-nano-vfprintf.o)
 .rodata._printf_i.str1.1
                0x0000000008049fb9       0x22 c:/st/stm32cubeide_1.5.0/stm32cubeide/plugins/com.st.stm32cube.ide.mcu.externaltools.gnu-tools-for-stm32.7-2018-q2-update.win32_1.5.0.202011040924/tools/bin/../lib/gcc/arm-none-eabi/7.3.1/../../../../arm-none-eabi/lib/thumb/v7e-m/fpv4-sp/hard\libc_nano.a(lib_a-nano-vfprintf_i.o)
 .rodata.expf.str1.1
                0x0000000008049fdb        0x5 c:/st/stm32cubeide_1.5.0/stm32cubeide/plugins/com.st.stm32cube.ide.mcu.externaltools.gnu-tools-for-stm32.7-2018-q2-update.win32_1.5.0.202011040924/tools/bin/../lib/gcc/arm-none-eabi/7.3.1/../../../../arm-none-eabi/lib/thumb/v7e-m/fpv4-sp/hard\libm.a(lib_a-wf_exp.o)
 .rodata.halF   0x0000000008049fe0        0x8 c:/st/stm32cubeide_1.5.0/stm32cubeide/plugins/com.st.stm32cube.ide.mcu.externaltools.gnu-tools-for-stm32.7-2018-q2-update.win32_1.5.0.202011040924/tools/bin/../lib/gcc/arm-none-eabi/7.3.1/../../../../arm-none-eabi/lib/thumb/v7e-m/fpv4-sp/hard\libm.a(lib_a-ef_exp.o)
 .rodata.ln2HI  0x0000000008049fe8        0x8 c:/st/stm32cubeide_1.5.0/stm32cubeide/plugins/com.st.stm32cube.ide.mcu.externaltools.gnu-tools-for-stm32.7-2018-q2-update.win32_1.5.0.202011040924/tools/bin/../lib/gcc/arm-none-eabi/7.3.1/../../../../arm-none-eabi/lib/thumb/v7e-m/fpv4-sp/hard\libm.a(lib_a-ef_exp.o)
 .rodata.ln2LO  0x0000000008049ff0        0x8 c:/st/stm32cubeide_1.5.0/stm32cubeide/plugins/com.st.stm32cube.ide.mcu.externaltools.gnu-tools-for-stm32.7-2018-q2-update.win32_1.5.0.202011040924/tools/bin/../lib/gcc/arm-none-eabi/7.3.1/../../../../arm-none-eabi/lib/thumb/v7e-m/fpv4-sp/hard\libm.a(lib_a-ef_exp.o)
                0x0000000008049ff8                . = ALIGN (0x4)

.ARM.extab      0x0000000008049ff8        0x0
                0x0000000008049ff8                . = ALIGN (0x4)
 *(.ARM.extab* .gnu.linkonce.armextab.*)
                0x0000000008049ff8                . = ALIGN (0x4)

.ARM            0x0000000008049ff8        0x8
                0x0000000008049ff8                . = ALIGN (0x4)
                0x0000000008049ff8                __exidx_start = .
 *(.ARM.exidx*)
 .ARM.exidx     0x0000000008049ff8        0x8 c:/st/stm32cubeide_1.5.0/stm32cubeide/plugins/com.st.stm32cube.ide.mcu.externaltools.gnu-tools-for-stm32.7-2018-q2-update.win32_1.5.0.202011040924/tools/bin/../lib/gcc/arm-none-eabi/7.3.1/thumb/v7e-m/fpv4-sp/hard\libgcc.a(_udivmoddi4.o)
                0x000000000804a000                __exidx_end = .
                0x000000000804a000                . = ALIGN (0x4)

.rel.dyn        0x000000000804a000        0x0
 .rel.iplt      0x000000000804a000        0x0 c:/st/stm32cubeide_1.5.0/stm32cubeide/plugins/com.st.stm32cube.ide.mcu.externaltools.gnu-tools-for-stm32.7-2018-q2-update.win32_1.5.0.202011040924/tools/bin/../lib/gcc/arm-none-eabi/7.3.1/thumb/v7e-m/fpv4-sp/hard/crtbegin.o

.preinit_array  0x000000000804a000        0x0
                0x000000000804a000                . = ALIGN (0x4)
                0x000000000804a000                PROVIDE (__preinit_array_start = .)
 *(.preinit_array*)
                0x000000000804a000                PROVIDE (__preinit_array_end = .)
                0x000000000804a000                . = ALIGN (0x4)

.init_array     0x000000000804a000        0x4
                0x000000000804a000                . = ALIGN (0x4)
                0x000000000804a000                PROVIDE (__init_array_start = .)
 *(SORT_BY_NAME(.init_array.*))
 *(.init_array*)
 .init_array    0x000000000804a000        0x4 c:/st/stm32cubeide_1.5.0/stm32cubeide/plugins/com.st.stm32cube.ide.mcu.externaltools.gnu-tools-for-stm32.7-2018-q2-update.win32_1.5.0.202011040924/tools/bin/../lib/gcc/arm-none-eabi/7.3.1/thumb/v7e-m/fpv4-sp/hard/crtbegin.o
                0x000000000804a004                PROVIDE (__init_array_end = .)
                0x000000000804a004                . = ALIGN (0x4)

.fini_array     0x000000000804a004        0x4
                0x000000000804a004                . = ALIGN (0x4)
                [!provide]                        PROVIDE (__fini_array_start = .)
 *(SORT_BY_NAME(.fini_array.*))
 *(.fini_array*)
 .fini_array    0x000000000804a004        0x4 c:/st/stm32cubeide_1.5.0/stm32cubeide/plugins/com.st.stm32cube.ide.mcu.externaltools.gnu-tools-for-stm32.7-2018-q2-update.win32_1.5.0.202011040924/tools/bin/../lib/gcc/arm-none-eabi/7.3.1/thumb/v7e-m/fpv4-sp/hard/crtbegin.o
                [!provide]                        PROVIDE (__fini_array_end = .)
                0x000000000804a008                . = ALIGN (0x4)
                0x000000000804a008                _sidata = LOADADDR (.data)

.data           0x0000000020000000      0xa94 load address 0x000000000804a008
                0x0000000020000000                . = ALIGN (0x4)
                0x0000000020000000                _sdata = .
 *(.data)
 *(.data*)
 .data.SystemCoreClock
                0x0000000020000000        0x4 Core/Src/system_stm32f4xx.o
                0x0000000020000000                SystemCoreClock
 .data.uwTickPrio
                0x0000000020000004        0x4 Drivers/STM32F4xx_HAL_Driver/Src/stm32f4xx_hal.o
                0x0000000020000004                uwTickPrio
 .data.uwTickFreq
                0x0000000020000008        0x1 Drivers/STM32F4xx_HAL_Driver/Src/stm32f4xx_hal.o
                0x0000000020000008                uwTickFreq
 .data._ioWriteAllowed
                0x0000000020000009        0x1 X-CUBE-AI/App/aiTestUtility.o
 *fill*         0x000000002000000a        0x2 
 .data.data_ins
                0x000000002000000c        0x4 X-CUBE-AI/App/aiValidation.o
 .data.data_outs
                0x0000000020000010        0x4 X-CUBE-AI/App/aiValidation.o
 .data.pbCmdFuncTab
                0x0000000020000014       0x3c X-CUBE-AI/App/aiValidation.o
 .data.g_sample_classification
                0x0000000020000050       0x60 X-CUBE-AI/App/sample_classification.o
 .data.conv2d_8_scratch0_array
                0x00000000200000b0       0x10 X-CUBE-AI/App/sample_classification.o
 .data.conv2d_7_scratch0_array
                0x00000000200000c0       0x10 X-CUBE-AI/App/sample_classification.o
 .data.dense_6_bias_array
                0x00000000200000d0       0x10 X-CUBE-AI/App/sample_classification.o
 .data.dense_6_weights_array
                0x00000000200000e0       0x10 X-CUBE-AI/App/sample_classification.o
 .data.dense_5_bias_array
                0x00000000200000f0       0x10 X-CUBE-AI/App/sample_classification.o
 .data.dense_5_weights_array
                0x0000000020000100       0x10 X-CUBE-AI/App/sample_classification.o
 .data.conv2d_9_bias_array
                0x0000000020000110       0x10 X-CUBE-AI/App/sample_classification.o
 .data.conv2d_9_weights_array
                0x0000000020000120       0x10 X-CUBE-AI/App/sample_classification.o
 .data.conv2d_8_bias_array
                0x0000000020000130       0x10 X-CUBE-AI/App/sample_classification.o
 .data.conv2d_8_weights_array
                0x0000000020000140       0x10 X-CUBE-AI/App/sample_classification.o
 .data.conv2d_7_bias_array
                0x0000000020000150       0x10 X-CUBE-AI/App/sample_classification.o
 .data.conv2d_7_weights_array
                0x0000000020000160       0x10 X-CUBE-AI/App/sample_classification.o
 .data.input_0_output_array
                0x0000000020000170       0x10 X-CUBE-AI/App/sample_classification.o
 .data.conv2d_7_output_array
                0x0000000020000180       0x10 X-CUBE-AI/App/sample_classification.o
 .data.conv2d_8_output_array
                0x0000000020000190       0x10 X-CUBE-AI/App/sample_classification.o
 .data.conv2d_9_output_array
                0x00000000200001a0       0x10 X-CUBE-AI/App/sample_classification.o
 .data.dense_5_output_array
                0x00000000200001b0       0x10 X-CUBE-AI/App/sample_classification.o
 .data.dense_5_nl_output_array
                0x00000000200001c0       0x10 X-CUBE-AI/App/sample_classification.o
 .data.dense_6_output_array