aiPbMgr.c:38:6:aiPbMgrInit	48	static
aiPbMgr.c:60:5:aiPbMgrWaitAndProcess	24	static
aiPbMgr.c:91:6:aiPbMgrSendResp	24	static
aiPbMgr.c:100:6:aiPbMgrSendAck	24	static
aiPbMgr.c:109:6:aiPbMgrWaitAck	24	static
aiPbMgr.c:118:6:aiPbMgrSendLog	40	static
aiPbMgr.c:148:10:aiPbAiBufferSize	16	static
aiPbMgr.c:157:25:aiPbMsgFmtToAiFmt	16	static
aiPbMgr.c:162:17:aiPbAiFmtToMsgFmt	16	static
aiPbMgr.c:167:15:aiPbBufferGetItemSize	16	static
aiPbMgr.c:172:13:aiPbBuffer_read_cb3	56	static
aiPbMgr.c:226:13:aiPbBuffer_write_cb3	48	static
aiPbMgr.c:256:6:aiPbMgrReceiveAiBuffer3	96	static
aiPbMgr.c:291:13:aiPbMgrSetMetaInfo	24	static
aiPbMgr.c:302:6:aiPbMgrSendAiBuffer4	56	static
aiPbMgr.c:363:6:aiPbCmdSync	24	static
aiPbMgr.c:382:6:aiPbCmdSysInfo	24	static
aiPbMgr.c:400:13:init_aibuffer_msg	24	static
aiPbMgr.c:415:13:nn_shape_w_cb	56	static
aiPbMgr.c:432:13:nn_inputs_w_cb	32	static
aiPbMgr.c:443:13:nn_outputs_w_cb	32	static
aiPbMgr.c:454:6:aiPbStrCopy	40	static
aiPbMgr.c:471:10:aiPbVersionToUint32	16	static
aiPbMgr.c:480:6:aiPbMgrSendNNInfo	24	static
