aiTestUtility.h:223:22:dwtReset	4	static
aiTestUtility.h:227:27:dwtGetCycles	4	static
aiTestUtility.h:293:26:disableInts	16	static,ignoring_inline_asm
aiTestUtility.h:303:22:restoreInts	24	static,ignoring_inline_asm
aiValidation.c:138:15:aiOnExecNode_cb	120	static
aiValidation.c:210:17:aiObserverAdjustInferenceTime	40	static
aiValidation.c:229:13:aiObserverSendReport	40	static
aiValidation.c:250:12:aiObserverConfig	16	static
aiValidation.c:276:12:aiObserverBind	88	static
aiValidation.c:313:12:aiObserverUnbind	72	static
aiValidation.c:339:36:aiExecCtx	32	static
aiValidation.c:365:12:aiBootstrap	80	static
aiValidation.c:446:12:aiInit	24	static
aiValidation.c:477:13:aiDeInit	16	static
aiValidation.c:503:6:aiPbCmdNNInfo	40	static
aiValidation.c:518:6:aiPbCmdNNRun	144	static
aiValidation.c:635:5:aiValidationInit	8	static
aiValidation.c:646:5:aiValidationProcess	16	static
aiValidation.c:677:6:aiValidationDeInit	8	static
