pb_decode.c:85:25:buf_read	32	static
pb_decode.c:100:18:pb_read	40	static
pb_decode.c:136:25:pb_readbyte	16	static
pb_decode.c:154:14:pb_istream_from_buffer	48	static
pb_decode.c:182:25:pb_decode_varint32_eof	40	static
pb_decode.c:244:18:pb_decode_varint32	16	static
pb_decode.c:250:18:pb_decode_varint	56	static
pb_decode.c:273:18:pb_skip_varint	24	static
pb_decode.c:284:18:pb_skip_string	24	static
pb_decode.c:293:18:pb_decode_tag	32	static
pb_decode.c:316:18:pb_skip_field	16	static
pb_decode.c:331:25:read_raw_value	32	static
pb_decode.c:367:18:pb_make_string_substream	32	static
pb_decode.c:382:18:pb_close_string_substream	16	static
pb_decode.c:401:25:decode_static_field	64	static
pb_decode.c:535:25:decode_pointer_field	24	static
pb_decode.c:658:25:decode_callback_field	104	static
pb_decode.c:707:25:decode_field	24	static
pb_decode.c:735:13:iter_from_extension	24	static
pb_decode.c:756:25:default_extension_decoder	56	static
pb_decode.c:772:25:decode_extension	48	static
pb_decode.c:798:25:find_extension_field	24	static
pb_decode.c:812:13:pb_field_set_to_default	48	static
pb_decode.c:884:13:pb_message_set_to_defaults	40	static
pb_decode.c:901:18:pb_decode_noinit	104	static
pb_decode.c:1051:18:pb_decode	32	static
pb_decode.c:1065:6:pb_decode_delimited_noinit	48	static
pb_decode.c:1080:6:pb_decode_delimited	48	static
pb_decode.c:1095:6:pb_decode_nullterminated	24	static
pb_decode.c:1240:6:pb_decode_svarint	32	static
pb_decode.c:1254:6:pb_decode_fixed32	24	static
pb_decode.c:1269:6:pb_decode_fixed64	48	static
pb_decode.c:1289:25:pb_dec_varint	56	static
pb_decode.c:1326:25:pb_dec_uvarint	48	static
pb_decode.c:1350:25:pb_dec_svarint	48	static
pb_decode.c:1374:25:pb_dec_fixed32	24	static
pb_decode.c:1380:25:pb_dec_fixed64	24	static
pb_decode.c:1391:25:pb_dec_bytes	40	static
pb_decode.c:1428:25:pb_dec_string	40	static
pb_decode.c:1463:25:pb_dec_submessage	48	static
pb_decode.c:1487:25:pb_dec_fixed_length_bytes	32	static
