pb_encode.c:72:25:buf_write	32	static
pb_encode.c:84:14:pb_ostream_from_buffer	56	static
pb_encode.c:101:18:pb_write	24	static
pb_encode.c:126:25:encode_array	64	static
pb_encode.c:215:13:pb_check_proto3_default_value	64	static
pb_encode.c:307:25:encode_basic_field	48	static
pb_encode.c:396:25:encode_callback_field	32	static
pb_encode.c:416:25:encode_field	24	static
pb_encode.c:435:25:default_extension_encoder	24	static
pb_encode.c:455:25:encode_extension_field	32	static
pb_encode.c:482:14:pb_const_cast	24	static
pb_encode.c:494:18:pb_encode	48	static
pb_encode.c:518:6:pb_encode_delimited	24	static
pb_encode.c:523:6:pb_encode_nullterminated	32	static
pb_encode.c:533:6:pb_get_encoded_size	48	static
pb_encode.c:574:18:pb_encode_varint	56	static
pb_encode.c:596:18:pb_encode_svarint	40	static
pb_encode.c:607:18:pb_encode_fixed32	24	static
pb_encode.c:619:18:pb_encode_fixed64	40	static
pb_encode.c:635:18:pb_encode_tag	40	static
pb_encode.c:641:18:pb_encode_tag_for_field	24	static
pb_encode.c:674:18:pb_encode_string	32	static
pb_encode.c:682:18:pb_encode_submessage	64	static
pb_encode.c:734:25:pb_enc_varint	40	static
pb_encode.c:757:25:pb_enc_uvarint	40	static
pb_encode.c:775:25:pb_enc_svarint	40	static
pb_encode.c:793:25:pb_enc_fixed64	24	static
pb_encode.c:804:25:pb_enc_fixed32	24	static
pb_encode.c:810:25:pb_enc_bytes	32	static
pb_encode.c:831:25:pb_enc_string	40	static
pb_encode.c:857:25:pb_enc_submessage	24	static
pb_encode.c:865:25:pb_enc_fixed_length_bytes	24	static
